Component: Arm Compiler for Embedded 6.23 Tool: armlink [5f102400]

==============================================================================

Section Cross References

    startup_stm32f407xx.o(RESET) refers to startup_stm32f407xx.o(STACK) for __initial_sp
    startup_stm32f407xx.o(RESET) refers to startup_stm32f407xx.o(.text) for Reset_Handler
    startup_stm32f407xx.o(RESET) refers to stm32f4xx_it.o(.text.NMI_Handler) for NMI_Handler
    startup_stm32f407xx.o(RESET) refers to stm32f4xx_it.o(.text.HardFault_Handler) for HardFault_Handler
    startup_stm32f407xx.o(RESET) refers to stm32f4xx_it.o(.text.MemManage_Handler) for MemManage_Handler
    startup_stm32f407xx.o(RESET) refers to stm32f4xx_it.o(.text.BusFault_Handler) for BusFault_Handler
    startup_stm32f407xx.o(RESET) refers to stm32f4xx_it.o(.text.UsageFault_Handler) for UsageFault_Handler
    startup_stm32f407xx.o(RESET) refers to stm32f4xx_it.o(.text.SVC_Handler) for SVC_Handler
    startup_stm32f407xx.o(RESET) refers to stm32f4xx_it.o(.text.DebugMon_Handler) for DebugMon_Handler
    startup_stm32f407xx.o(RESET) refers to stm32f4xx_it.o(.text.PendSV_Handler) for PendSV_Handler
    startup_stm32f407xx.o(RESET) refers to stm32f4xx_it.o(.text.SysTick_Handler) for SysTick_Handler
    startup_stm32f407xx.o(RESET) refers to stm32f4xx_it.o(.text.USART1_IRQHandler) for USART1_IRQHandler
    startup_stm32f407xx.o(RESET) refers to stm32f4xx_it.o(.text.TIM8_CC_IRQHandler) for TIM8_CC_IRQHandler
    startup_stm32f407xx.o(RESET) refers to stm32f4xx_it.o(.text.DMA2_Stream2_IRQHandler) for DMA2_Stream2_IRQHandler
    startup_stm32f407xx.o(RESET) refers to stm32f4xx_it.o(.text.DMA2_Stream7_IRQHandler) for DMA2_Stream7_IRQHandler
    startup_stm32f407xx.o(.text) refers to system_stm32f4xx.o(.text.SystemInit) for SystemInit
    startup_stm32f407xx.o(.text) refers to entry.o(.ARM.Collect$$$$00000000) for __main
    test_pwm.o(.text.TEST_PWM_Init) refers to tim.o(.bss.htim8) for htim8
    test_pwm.o(.text.TEST_PWM_Init) refers to stm32f4xx_hal_tim.o(.text.HAL_TIM_IC_Start_IT) for HAL_TIM_IC_Start_IT
    test_pwm.o(.ARM.exidx.text.TEST_PWM_Init) refers to test_pwm.o(.text.TEST_PWM_Init) for [Anonymous Symbol]
    test_pwm.o(.text.HAL_TIM_IC_CaptureCallback) refers to tim.o(.bss.htim8) for htim8
    test_pwm.o(.text.HAL_TIM_IC_CaptureCallback) refers to stm32f4xx_hal_tim.o(.text.HAL_TIM_ReadCapturedValue) for HAL_TIM_ReadCapturedValue
    test_pwm.o(.text.HAL_TIM_IC_CaptureCallback) refers to test_pwm.o(.bss..L_MergedGlobals) for .L_MergedGlobals
    test_pwm.o(.ARM.exidx.text.HAL_TIM_IC_CaptureCallback) refers to test_pwm.o(.text.HAL_TIM_IC_CaptureCallback) for [Anonymous Symbol]
    test_pwm.o(.text.TEST_PWM_Get) refers to test_pwm.o(.bss..L_MergedGlobals) for .L_MergedGlobals
    test_pwm.o(.ARM.exidx.text.TEST_PWM_Get) refers to test_pwm.o(.text.TEST_PWM_Get) for [Anonymous Symbol]
    bsp_printf.o(.text.uart1_printf) refers to usart.o(.bss.huart1) for huart1
    bsp_printf.o(.text.uart1_printf) refers to bsp_printf.o(.bss._dbg_TXBuff) for _dbg_TXBuff
    bsp_printf.o(.text.uart1_printf) refers to printfa.o(i.__0vsnprintf) for vsnprintf
    bsp_printf.o(.text.uart1_printf) refers to stm32f4xx_hal_uart.o(.text.HAL_UART_Transmit_DMA) for HAL_UART_Transmit_DMA
    bsp_printf.o(.text.uart1_printf) refers to stm32f4xx_hal.o(.text.HAL_Delay) for HAL_Delay
    bsp_printf.o(.ARM.exidx.text.uart1_printf) refers to bsp_printf.o(.text.uart1_printf) for [Anonymous Symbol]
    bsp_printf.o(.text.uart1_printfhex) refers to bsp_printf.o(.text.uart1_printf) for uart1_printf
    bsp_printf.o(.text.uart1_printfhex) refers to usart.o(.bss.huart1) for huart1
    bsp_printf.o(.text.uart1_printfhex) refers to bsp_printf.o(.bss._hex_TXBuff) for _hex_TXBuff
    bsp_printf.o(.text.uart1_printfhex) refers to printfa.o(i.__0sprintf) for __2sprintf
    bsp_printf.o(.text.uart1_printfhex) refers to strlen.o(.text) for strlen
    bsp_printf.o(.text.uart1_printfhex) refers to stm32f4xx_hal_uart.o(.text.HAL_UART_Transmit_DMA) for HAL_UART_Transmit_DMA
    bsp_printf.o(.text.uart1_printfhex) refers to stm32f4xx_hal.o(.text.HAL_Delay) for HAL_Delay
    bsp_printf.o(.ARM.exidx.text.uart1_printfhex) refers to bsp_printf.o(.text.uart1_printfhex) for [Anonymous Symbol]
    bsp_key.o(.text.KEY_Press) refers to stm32f4xx_hal_gpio.o(.text.HAL_GPIO_ReadPin) for HAL_GPIO_ReadPin
    bsp_key.o(.text.KEY_Press) refers to stm32f4xx_hal.o(.text.HAL_Delay) for HAL_Delay
    bsp_key.o(.ARM.exidx.text.KEY_Press) refers to bsp_key.o(.text.KEY_Press) for [Anonymous Symbol]
    bsp_drv8833.o(.text.DRV8833_Init) refers to tim.o(.bss.htim2) for htim2
    bsp_drv8833.o(.text.DRV8833_Init) refers to stm32f4xx_hal_tim.o(.text.HAL_TIM_PWM_Start) for HAL_TIM_PWM_Start
    bsp_drv8833.o(.ARM.exidx.text.DRV8833_Init) refers to bsp_drv8833.o(.text.DRV8833_Init) for [Anonymous Symbol]
    bsp_drv8833.o(.text.DRV8833_SetDecayMode) refers to bsp_drv8833.o(.bss.g_enDecayMode) for g_enDecayMode
[...]
    Removing stm32f4xx_hal.o(.ARM.exidx.text.HAL_GetTick), (8 bytes).
    Removing stm32f4xx_hal.o(.text.HAL_GetTickPrio), (12 bytes).
    Removing stm32f4xx_hal.o(.ARM.exidx.text.HAL_GetTickPrio), (8 bytes).
    Removing stm32f4xx_hal.o(.text.HAL_SetTickFreq), (38 bytes).
    Removing stm32f4xx_hal.o(.ARM.exidx.text.HAL_SetTickFreq), (8 bytes).
    Removing stm32f4xx_hal.o(.text.HAL_GetTickFreq), (12 bytes).
    Removing stm32f4xx_hal.o(.ARM.exidx.text.HAL_GetTickFreq), (8 bytes).
    Removing stm32f4xx_hal.o(.ARM.exidx.text.HAL_Delay), (8 bytes).
    Removing stm32f4xx_hal.o(.text.HAL_SuspendTick), (18 bytes).
    Removing stm32f4xx_hal.o(.ARM.exidx.text.HAL_SuspendTick), (8 bytes).
    Removing stm32f4xx_hal.o(.text.HAL_ResumeTick), (18 bytes).
    Removing stm32f4xx_hal.o(.ARM.exidx.text.HAL_ResumeTick), (8 bytes).
    Removing stm32f4xx_hal.o(.text.HAL_GetHalVersion), (10 bytes).
    Removing stm32f4xx_hal.o(.ARM.exidx.text.HAL_GetHalVersion), (8 bytes).
    Removing stm32f4xx_hal.o(.text.HAL_GetREVID), (14 bytes).
    Removing stm32f4xx_hal.o(.ARM.exidx.text.HAL_GetREVID), (8 bytes).
    Removing stm32f4xx_hal.o(.text.HAL_GetDEVID), (16 bytes).
    Removing stm32f4xx_hal.o(.ARM.exidx.text.HAL_GetDEVID), (8 bytes).
    Removing stm32f4xx_hal.o(.text.HAL_DBGMCU_EnableDBGSleepMode), (18 bytes).
    Removing stm32f4xx_hal.o(.ARM.exidx.text.HAL_DBGMCU_EnableDBGSleepMode), (8 bytes).
    Removing stm32f4xx_hal.o(.text.HAL_DBGMCU_DisableDBGSleepMode), (18 bytes).
    Removing stm32f4xx_hal.o(.ARM.exidx.text.HAL_DBGMCU_DisableDBGSleepMode), (8 bytes).
    Removing stm32f4xx_hal.o(.text.HAL_DBGMCU_EnableDBGStopMode), (18 bytes).
    Removing stm32f4xx_hal.o(.ARM.exidx.text.HAL_DBGMCU_EnableDBGStopMode), (8 bytes).
    Removing stm32f4xx_hal.o(.text.HAL_DBGMCU_DisableDBGStopMode), (18 bytes).
    Removing stm32f4xx_hal.o(.ARM.exidx.text.HAL_DBGMCU_DisableDBGStopMode), (8 bytes).
    Removing stm32f4xx_hal.o(.text.HAL_DBGMCU_EnableDBGStandbyMode), (18 bytes).
    Removing stm32f4xx_hal.o(.ARM.exidx.text.HAL_DBGMCU_EnableDBGStandbyMode), (8 bytes).
    Removing stm32f4xx_hal.o(.text.HAL_DBGMCU_DisableDBGStandbyMode), (18 bytes).
    Removing stm32f4xx_hal.o(.ARM.exidx.text.HAL_DBGMCU_DisableDBGStandbyMode), (8 bytes).
    Removing stm32f4xx_hal.o(.text.HAL_EnableCompensationCell), (14 bytes).
    Removing stm32f4xx_hal.o(.ARM.exidx.text.HAL_EnableCompensationCell), (8 bytes).
    Removing stm32f4xx_hal.o(.text.HAL_DisableCompensationCell), (14 bytes).
    Removing stm32f4xx_hal.o(.ARM.exidx.text.HAL_DisableCompensationCell), (8 bytes).
    Removing stm32f4xx_hal.o(.text.HAL_GetUIDw0), (12 bytes).
    Removing stm32f4xx_hal.o(.ARM.exidx.text.HAL_GetUIDw0), (8 bytes).
    Removing stm32f4xx_hal.o(.text.HAL_GetUIDw1), (12 bytes).
    Removing stm32f4xx_hal.o(.ARM.exidx.text.HAL_GetUIDw1), (8 bytes).
    Removing stm32f4xx_hal.o(.text.HAL_GetUIDw2), (12 bytes).
    Removing stm32f4xx_hal.o(.ARM.exidx.text.HAL_GetUIDw2), (8 bytes).
    Removing stm32f4xx_hal_exti.o(.text), (0 bytes).
    Removing stm32f4xx_hal_exti.o(.text.HAL_EXTI_SetConfigLine), (186 bytes).
    Removing stm32f4xx_hal_exti.o(.ARM.exidx.text.HAL_EXTI_SetConfigLine), (8 bytes).
    Removing stm32f4xx_hal_exti.o(.text.HAL_EXTI_GetConfigLine), (148 bytes).
    Removing stm32f4xx_hal_exti.o(.ARM.exidx.text.HAL_EXTI_GetConfigLine), (8 bytes).
    Removing stm32f4xx_hal_exti.o(.text.HAL_EXTI_ClearConfigLine), (140 bytes).
    Removing stm32f4xx_hal_exti.o(.ARM.exidx.text.HAL_EXTI_ClearConfigLine), (8 bytes).
    Removing stm32f4xx_hal_exti.o(.text.HAL_EXTI_RegisterCallback), (12 bytes).
    Removing stm32f4xx_hal_exti.o(.ARM.exidx.text.HAL_EXTI_RegisterCallback), (8 bytes).
    Removing stm32f4xx_hal_exti.o(.text.HAL_EXTI_GetHandle), (12 bytes).
    Removing stm32f4xx_hal_exti.o(.ARM.exidx.text.HAL_EXTI_GetHandle), (8 bytes).
    Removing stm32f4xx_hal_exti.o(.text.HAL_EXTI_IRQHandler), (42 bytes).
    Removing stm32f4xx_hal_exti.o(.ARM.exidx.text.HAL_EXTI_IRQHandler), (8 bytes).
    Removing stm32f4xx_hal_exti.o(.text.HAL_EXTI_GetPending), (26 bytes).
    Removing stm32f4xx_hal_exti.o(.ARM.exidx.text.HAL_EXTI_GetPending), (8 bytes).
    Removing stm32f4xx_hal_exti.o(.text.HAL_EXTI_ClearPending), (24 bytes).
    Removing stm32f4xx_hal_exti.o(.ARM.exidx.text.HAL_EXTI_ClearPending), (8 bytes).
    Removing stm32f4xx_hal_exti.o(.text.HAL_EXTI_GenerateSWI), (24 bytes).
    Removing stm32f4xx_hal_exti.o(.ARM.exidx.text.HAL_EXTI_GenerateSWI), (8 bytes).
    Removing stm32f4xx_hal_uart.o(.text), (0 bytes).
    Removing stm32f4xx_hal_uart.o(.ARM.exidx.text.HAL_UART_Init), (8 bytes).
    Removing stm32f4xx_hal_uart.o(.text.HAL_UART_MspInit), (2 bytes).
    Removing stm32f4xx_hal_uart.o(.ARM.exidx.text.HAL_UART_MspInit), (8 bytes).
    Removing stm32f4xx_hal_uart.o(.ARM.exidx.text.UART_SetConfig), (8 bytes).
    Removing stm32f4xx_hal_uart.o(.text.HAL_HalfDuplex_Init), (104 bytes).
    Removing stm32f4xx_hal_uart.o(.ARM.exidx.text.HAL_HalfDuplex_Init), (8 bytes).
    Removing stm32f4xx_hal_uart.o(.text.HAL_LIN_Init), (120 bytes).
    Removing stm32f4xx_hal_uart.o(.ARM.exidx.text.HAL_LIN_Init), (8 bytes).
    Removing stm32f4xx_hal_uart.o(.text.HAL_MultiProcessor_Init), (128 bytes).
    Removing stm32f4xx_hal_uart.o(.ARM.exidx.text.HAL_MultiProcessor_Init), (8 bytes).
    Removing stm32f4xx_hal_uart.o(.text.HAL_UART_DeInit), (54 bytes).
    Removing stm32f4xx_hal_uart.o(.ARM.exidx.text.HAL_UART_DeInit), (8 bytes).
    Removing stm32f4xx_hal_uart.o(.text.HAL_UART_MspDeInit), (2 bytes).
    Removing stm32f4xx_hal_uart.o(.ARM.exidx.text.HAL_UART_MspDeInit), (8 bytes).
    Removing stm32f4xx_hal_uart.o(.text.HAL_UART_Transmit), (402 bytes).
    Removing stm32f4xx_hal_uart.o(.ARM.exidx.text.HAL_UART_Transmit), (8 bytes).
    Removing stm32f4xx_hal_uart.o(.text.HAL_UART_Receive), (558 bytes).
    Removing stm32f4xx_hal_uart.o(.ARM.exidx.text.HAL_UART_Receive), (8 bytes).
    Removing stm32f4xx_hal_uart.o(.text.HAL_UART_Transmit_IT), (62 bytes).
    Removing stm32f4xx_hal_uart.o(.ARM.exidx.text.HAL_UART_Transmit_IT), (8 bytes).
    Removing stm32f4xx_hal_uart.o(.text.HAL_UART_Receive_IT), (84 bytes).
    Removing stm32f4xx_hal_uart.o(.ARM.exidx.text.HAL_UART_Receive_IT), (8 bytes).
    Removing stm32f4xx_hal_uart.o(.text.UART_Start_Receive_IT), (50 bytes).
    Removing stm32f4xx_hal_uart.o(.ARM.exidx.text.UART_Start_Receive_IT), (8 bytes).
    Removing stm32f4xx_hal_uart.o(.ARM.exidx.text.HAL_UART_Transmit_DMA), (8 bytes).
    Removing stm32f4xx_hal_uart.o(.ARM.exidx.text.UART_DMATransmitCplt), (8 bytes).
    Removing stm32f4xx_hal_uart.o(.ARM.exidx.text.UART_DMATxHalfCplt), (8 bytes).
    Removing stm32f4xx_hal_uart.o(.ARM.exidx.text.UART_DMAError), (8 bytes).
    Removing stm32f4xx_hal_uart.o(.text.HAL_UART_Receive_DMA), (384 bytes).
    Removing stm32f4xx_hal_uart.o(.ARM.exidx.text.HAL_UART_Receive_DMA), (8 bytes).
    Removing stm32f4xx_hal_uart.o(.text.UART_Start_Receive_DMA), (336 bytes).
    Removing stm32f4xx_hal_uart.o(.ARM.exidx.text.UART_Start_Receive_DMA), (8 bytes).
    Removing stm32f4xx_hal_uart.o(.text.HAL_UART_DMAPause), (342 bytes).
    Removing stm32f4xx_hal_uart.o(.ARM.exidx.text.HAL_UART_DMAPause), (8 bytes).
    Removing stm32f4xx_hal_uart.o(.text.HAL_UART_DMAResume), (348 bytes).
    Removing stm32f4xx_hal_uart.o(.ARM.exidx.text.HAL_UART_DMAResume), (8 bytes).
    Removing stm32f4xx_hal_uart.o(.text.HAL_UART_DMAStop), (540 bytes).
    Removing stm32f4xx_hal_uart.o(.ARM.exidx.text.HAL_UART_DMAStop), (8 bytes).
    Removing stm32f4xx_hal_uart.o(.text.HAL_UARTEx_ReceiveToIdle), (478 bytes).
    Removing stm32f4xx_hal_uart.o(.ARM.exidx.text.HAL_UARTEx_ReceiveToIdle), (8 bytes).
    Removing stm32f4xx_hal_uart.o(.text.HAL_UARTEx_ReceiveToIdle_IT), (200 bytes).
    Removing stm32f4xx_hal_uart.o(.ARM.exidx.text.HAL_UARTEx_ReceiveToIdle_IT), (8 bytes).
    Removing stm32f4xx_hal_uart.o(.text.HAL_UARTEx_ReceiveToIdle_DMA), (494 bytes).
    Removing stm32f4xx_hal_uart.o(.ARM.exidx.text.HAL_UARTEx_ReceiveToIdle_DMA), (8 bytes).
    Removing stm32f4xx_hal_uart.o(.text.HAL_UARTEx_GetRxEventType), (4 bytes).
    Removing stm32f4xx_hal_uart.o(.ARM.exidx.text.HAL_UARTEx_GetRxEventType), (8 bytes).
    Removing stm32f4xx_hal_uart.o(.text.HAL_UART_Abort), (482 bytes).
    Removing stm32f4xx_hal_uart.o(.ARM.exidx.text.HAL_UART_Abort), (8 bytes).
    Removing stm32f4xx_hal_uart.o(.text.HAL_UART_AbortTransmit), (208 bytes).
    Removing stm32f4xx_hal_uart.o(.ARM.exidx.text.HAL_UART_AbortTransmit), (8 bytes).
    Removing stm32f4xx_hal_uart.o(.text.HAL_UART_AbortReceive), (366 bytes).
    Removing stm32f4xx_hal_uart.o(.ARM.exidx.text.HAL_UART_AbortReceive), (8 bytes).
    Removing stm32f4xx_hal_uart.o(.text.HAL_UART_Abort_IT), (516 bytes).
    Removing stm32f4xx_hal_uart.o(.ARM.exidx.text.HAL_UART_Abort_IT), (8 bytes).
    Removing stm32f4xx_hal_uart.o(.text.UART_DMATxAbortCallback), (42 bytes).
    Removing stm32f4xx_hal_uart.o(.ARM.exidx.text.UART_DMATxAbortCallback), (8 bytes).
    Removing stm32f4xx_hal_uart.o(.text.UART_DMARxAbortCallback), (42 bytes).
    Removing stm32f4xx_hal_uart.o(.ARM.exidx.text.UART_DMARxAbortCallback), (8 bytes).
    Removing stm32f4xx_hal_uart.o(.text.HAL_UART_AbortCpltCallback), (2 bytes).
    Removing stm32f4xx_hal_uart.o(.ARM.exidx.text.HAL_UART_AbortCpltCallback), (8 bytes).
    Removing stm32f4xx_hal_uart.o(.text.HAL_UART_AbortTransmit_IT), (214 bytes).
    Removing stm32f4xx_hal_uart.o(.ARM.exidx.text.HAL_UART_AbortTransmit_IT), (8 bytes).
    Removing stm32f4xx_hal_uart.o(.text.UART_DMATxOnlyAbortCallback), (16 bytes).
    Removing stm32f4xx_hal_uart.o(.ARM.exidx.text.UART_DMATxOnlyAbortCallback), (8 bytes).
    Removing stm32f4xx_hal_uart.o(.text.HAL_UART_AbortTransmitCpltCallback), (2 bytes).
    Removing stm32f4xx_hal_uart.o(.ARM.exidx.text.HAL_UART_AbortTransmitCpltCallback), (8 bytes).
    Removing stm32f4xx_hal_uart.o(.text.HAL_UART_AbortReceive_IT), (372 bytes).
    Removing stm32f4xx_hal_uart.o(.ARM.exidx.text.HAL_UART_AbortReceive_IT), (8 bytes).
    Removing stm32f4xx_hal_uart.o(.text.UART_DMARxOnlyAbortCallback), (18 bytes).
    Removing stm32f4xx_hal_uart.o(.ARM.exidx.text.UART_DMARxOnlyAbortCallback), (8 bytes).
    Removing stm32f4xx_hal_uart.o(.text.HAL_UART_AbortReceiveCpltCallback), (2 bytes).
    Removing stm32f4xx_hal_uart.o(.ARM.exidx.text.HAL_UART_AbortReceiveCpltCallback), (8 bytes).
    Removing stm32f4xx_hal_uart.o(.ARM.exidx.text.HAL_UART_IRQHandler), (8 bytes).
    Removing stm32f4xx_hal_uart.o(.ARM.exidx.text.UART_Receive_IT), (8 bytes).
    Removing stm32f4xx_hal_uart.o(.ARM.exidx.text.UART_DMAAbortOnError), (8 bytes).
    Removing stm32f4xx_hal_uart.o(.ARM.exidx.text.HAL_UART_ErrorCallback), (8 bytes).
    Removing stm32f4xx_hal_uart.o(.ARM.exidx.text.HAL_UARTEx_RxEventCallback), (8 bytes).
    Removing stm32f4xx_hal_uart.o(.ARM.exidx.text.HAL_UART_TxCpltCallback), (8 bytes).
    Removing stm32f4xx_hal_uart.o(.ARM.exidx.text.HAL_UART_TxHalfCpltCallback), (8 bytes).
    Removing stm32f4xx_hal_uart.o(.ARM.exidx.text.HAL_UART_RxCpltCallback), (8 bytes).
    Removing stm32f4xx_hal_uart.o(.text.HAL_UART_RxHalfCpltCallback), (2 bytes).
    Removing stm32f4xx_hal_uart.o(.ARM.exidx.text.HAL_UART_RxHalfCpltCallback), (8 bytes).
    Removing stm32f4xx_hal_uart.o(.text.HAL_LIN_SendBreak), (114 bytes).
    Removing stm32f4xx_hal_uart.o(.ARM.exidx.text.HAL_LIN_SendBreak), (8 bytes).
    Removing stm32f4xx_hal_uart.o(.text.HAL_MultiProcessor_EnterMuteMode), (116 bytes).
    Removing stm32f4xx_hal_uart.o(.ARM.exidx.text.HAL_MultiProcessor_EnterMuteMode), (8 bytes).
    Removing stm32f4xx_hal_uart.o(.text.HAL_MultiProcessor_ExitMuteMode), (116 bytes).
    Removing stm32f4xx_hal_uart.o(.ARM.exidx.text.HAL_MultiProcessor_ExitMuteMode), (8 bytes).
    Removing stm32f4xx_hal_uart.o(.text.HAL_HalfDuplex_EnableTransmitter), (44 bytes).
    Removing stm32f4xx_hal_uart.o(.ARM.exidx.text.HAL_HalfDuplex_EnableTransmitter), (8 bytes).
    Removing stm32f4xx_hal_uart.o(.text.HAL_HalfDuplex_EnableReceiver), (46 bytes).
    Removing stm32f4xx_hal_uart.o(.ARM.exidx.text.HAL_HalfDuplex_EnableReceiver), (8 bytes).
    Removing stm32f4xx_hal_uart.o(.text.HAL_UART_GetState), (14 bytes).
    Removing stm32f4xx_hal_uart.o(.ARM.exidx.text.HAL_UART_GetState), (8 bytes).
    Removing stm32f4xx_hal_uart.o(.text.HAL_UART_GetError), (4 bytes).
    Removing stm32f4xx_hal_uart.o(.ARM.exidx.text.HAL_UART_GetError), (8 bytes).
    Removing stm32f4xx_hal_uart.o(.text.UART_DMAReceiveCplt), (350 bytes).
    Removing stm32f4xx_hal_uart.o(.ARM.exidx.text.UART_DMAReceiveCplt), (8 bytes).
    Removing stm32f4xx_hal_uart.o(.text.UART_DMARxHalfCplt), (24 bytes).
    Removing stm32f4xx_hal_uart.o(.ARM.exidx.text.UART_DMARxHalfCplt), (8 bytes).
    Removing system_stm32f4xx.o(.text), (0 bytes).
    Removing system_stm32f4xx.o(.ARM.exidx.text.SystemInit), (8 bytes).
    Removing system_stm32f4xx.o(.text.SystemCoreClockUpdate), (134 bytes).
    Removing system_stm32f4xx.o(.ARM.exidx.text.SystemCoreClockUpdate), (8 bytes).

735 unused section(s) (total 39708 bytes) removed from the image.

==============================================================================

Image Symbol Table

    Local Symbols

    Symbol Name                              Value     Ov Type        Size  Object(Section)

    ../clib/division.s                       0x00000000   Number         0  aeabi_sdiv.o ABSOLUTE
    ../clib/microlib/division.c              0x00000000   Number         0  uldiv.o ABSOLUTE
    ../clib/microlib/division.c              0x00000000   Number         0  uidiv.o ABSOLUTE
    ../clib/microlib/init/entry.s            0x00000000   Number         0  entry.o ABSOLUTE
    ../clib/microlib/init/entry.s            0x00000000   Number         0  entry2.o ABSOLUTE
    ../clib/microlib/init/entry.s            0x00000000   Number         0  entry5.o ABSOLUTE
    ../clib/microlib/init/entry.s            0x00000000   Number         0  entry7a.o ABSOLUTE
    ../clib/microlib/init/entry.s            0x00000000   Number         0  entry7b.o ABSOLUTE
    ../clib/microlib/init/entry.s            0x00000000   Number         0  entry8a.o ABSOLUTE
    ../clib/microlib/init/entry.s            0x00000000   Number         0  entry8b.o ABSOLUTE
    ../clib/microlib/init/entry.s            0x00000000   Number         0  entry9a.o ABSOLUTE
    ../clib/microlib/init/entry.s            0x00000000   Number         0  entry9b.o ABSOLUTE
    ../clib/microlib/init/entry.s            0x00000000   Number         0  entry10a.o ABSOLUTE
    ../clib/microlib/init/entry.s            0x00000000   Number         0  entry10b.o ABSOLUTE
    ../clib/microlib/init/entry.s            0x00000000   Number         0  entry11a.o ABSOLUTE
    ../clib/microlib/init/entry.s            0x00000000   Number         0  entry11b.o ABSOLUTE
    ../clib/microlib/longlong.c              0x00000000   Number         0  llshl.o ABSOLUTE
    ../clib/microlib/longlong.c              0x00000000   Number         0  llushr.o ABSOLUTE
    ../clib/microlib/longlong.c              0x00000000   Number         0  llsshr.o ABSOLUTE
    ../clib/microlib/printf/printf.c         0x00000000   Number         0  printfb.o ABSOLUTE
    ../clib/microlib/printf/printf.c         0x00000000   Number         0  printf0.o ABSOLUTE
    ../clib/microlib/printf/printf.c         0x00000000   Number         0  printf1.o ABSOLUTE
    ../clib/microlib/printf/printf.c         0x00000000   Number         0  printf2.o ABSOLUTE
    ../clib/microlib/printf/printf.c         0x00000000   Number         0  printf3.o ABSOLUTE
    ../clib/microlib/printf/printf.c         0x00000000   Number         0  printf4.o ABSOLUTE
    ../clib/microlib/printf/printf.c         0x00000000   Number         0  printf5.o ABSOLUTE
    ../clib/microlib/printf/printf.c         0x00000000   Number         0  printf6.o ABSOLUTE
    ../clib/microlib/printf/printf.c         0x00000000   Number         0  printf7.o ABSOLUTE
    ../clib/microlib/printf/printf.c         0x00000000   Number         0  printf8.o ABSOLUTE
    ../clib/microlib/printf/printf.c         0x00000000   Number         0  printfa.o ABSOLUTE
    ../clib/microlib/printf/stubs.s          0x00000000   Number         0  printfstubs.o ABSOLUTE
    ../clib/microlib/stdio/fputc.c           0x00000000   Number         0  fputc.o ABSOLUTE
    ../clib/microlib/stdio/fputc.c           0x00000000   Number         0  fputc_h.o ABSOLUTE
    ../clib/microlib/stdio/semi.s            0x00000000   Number         0  semi.o ABSOLUTE
    ../clib/microlib/stdio/streams.c         0x00000000   Number         0  stdout.o ABSOLUTE
    ../clib/microlib/string/memset.c         0x00000000   Number         0  memseta.o ABSOLUTE
    ../clib/microlib/string/strlen.c         0x00000000   Number         0  strlen.o ABSOLUTE
    ../clib/microlib/stubs.s                 0x00000000   Number         0  iusefp.o ABSOLUTE
    ../clib/microlib/stubs.s                 0x00000000   Number         0  iusesemip.o ABSOLUTE
    ../fplib/microlib/fpadd.c                0x00000000   Number         0  dadd.o ABSOLUTE
    ../fplib/microlib/fpdiv.c                0x00000000   Number         0  ddiv.o ABSOLUTE
    ../fplib/microlib/fpepilogue.c           0x00000000   Number         0  depilogue.o ABSOLUTE
    ../fplib/microlib/fpfix.c                0x00000000   Number         0  dfixul.o ABSOLUTE
    ../fplib/microlib/fpmul.c                0x00000000   Number         0  dmul.o ABSOLUTE
    bsp_drv8833.c                            0x00000000   Number         0  bsp_drv8833.o ABSOLUTE
    bsp_key.c                                0x00000000   Number         0  bsp_key.o ABSOLUTE
    bsp_printf.c                             0x00000000   Number         0  bsp_printf.o ABSOLUTE
    cdrcmple.s                               0x00000000   Number         0  cdrcmple.o ABSOLUTE
    dc.s                                     0x00000000   Number         0  dc.o ABSOLUTE
    dma.c                                    0x00000000   Number         0  dma.o ABSOLUTE
    gpio.c                                   0x00000000   Number         0  gpio.o ABSOLUTE
    handlers.s                               0x00000000   Number         0  handlers.o ABSOLUTE
    init.s                                   0x00000000   Number         0  init.o ABSOLUTE
    main.c                                   0x00000000   Number         0  main.o ABSOLUTE
    startup_stm32f407xx.s                    0x00000000   Number         0  startup_stm32f407xx.o ABSOLUTE
    stm32f4xx_hal.c                          0x00000000   Number         0  stm32f4xx_hal.o ABSOLUTE
    stm32f4xx_hal_cortex.c                   0x00000000   Number         0  stm32f4xx_hal_cortex.o ABSOLUTE
    stm32f4xx_hal_dma.c                      0x00000000   Number         0  stm32f4xx_hal_dma.o ABSOLUTE
    stm32f4xx_hal_dma_ex.c                   0x00000000   Number         0  stm32f4xx_hal_dma_ex.o ABSOLUTE
    stm32f4xx_hal_exti.c                     0x00000000   Number         0  stm32f4xx_hal_exti.o ABSOLUTE
    stm32f4xx_hal_flash.c                    0x00000000   Number         0  stm32f4xx_hal_flash.o ABSOLUTE
    stm32f4xx_hal_flash_ex.c                 0x00000000   Number         0  stm32f4xx_hal_flash_ex.o ABSOLUTE
    stm32f4xx_hal_flash_ramfunc.c            0x00000000   Number         0  stm32f4xx_hal_flash_ramfunc.o ABSOLUTE
    stm32f4xx_hal_gpio.c                     0x00000000   Number         0  stm32f4xx_hal_gpio.o ABSOLUTE
    stm32f4xx_hal_msp.c                      0x00000000   Number         0  stm32f4xx_hal_msp.o ABSOLUTE
    stm32f4xx_hal_pwr.c                      0x00000000   Number         0  stm32f4xx_hal_pwr.o ABSOLUTE
    stm32f4xx_hal_pwr_ex.c                   0x00000000   Number         0  stm32f4xx_hal_pwr_ex.o ABSOLUTE
    stm32f4xx_hal_rcc.c                      0x00000000   Number         0  stm32f4xx_hal_rcc.o ABSOLUTE
    stm32f4xx_hal_rcc_ex.c                   0x00000000   Number         0  stm32f4xx_hal_rcc_ex.o ABSOLUTE
    stm32f4xx_hal_tim.c                      0x00000000   Number         0  stm32f4xx_hal_tim.o ABSOLUTE
    stm32f4xx_hal_tim_ex.c                   0x00000000   Number         0  stm32f4xx_hal_tim_ex.o ABSOLUTE
    stm32f4xx_hal_uart.c                     0x00000000   Number         0  stm32f4xx_hal_uart.o ABSOLUTE
    stm32f4xx_it.c                           0x00000000   Number         0  stm32f4xx_it.o ABSOLUTE
    system_stm32f4xx.c                       0x00000000   Number         0  system_stm32f4xx.o ABSOLUTE
    test_pwm.c                               0x00000000   Number         0  test_pwm.o ABSOLUTE
    tim.c                                    0x00000000   Number         0  tim.o ABSOLUTE
    usart.c                                  0x00000000   Number         0  usart.o ABSOLUTE
    RESET                                    0x08020000   Section      392  startup_stm32f407xx.o(RESET)
    .ARM.Collect$$$$00000000                 0x08020188   Section        0  entry.o(.ARM.Collect$$$$00000000)
    .ARM.Collect$$$$00000001                 0x08020188   Section        4  entry2.o(.ARM.Collect$$$$00000001)
    .ARM.Collect$$$$00000004                 0x0802018c   Section        4  entry5.o(.ARM.Collect$$$$00000004)
    .ARM.Collect$$$$00000008                 0x08020190   Section        0  entry7b.o(.ARM.Collect$$$$00000008)
    .ARM.Collect$$$$0000000A                 0x08020190   Section        0  entry8b.o(.ARM.Collect$$$$0000000A)
    .ARM.Collect$$$$0000000B                 0x08020190   Section        8  entry9a.o(.ARM.Collect$$$$0000000B)
    __lit__00000000                          0x08020198   Data           4  entry2.o(.ARM.Collect$$$$00002712)
    .ARM.Collect$$$$0000000D                 0x08020198   Section        0  entry10a.o(.ARM.Collect$$$$0000000D)
    .ARM.Collect$$$$0000000F                 0x08020198   Section        0  entry11a.o(.ARM.Collect$$$$0000000F)
    .ARM.Collect$$$$00002712                 0x08020198   Section        4  entry2.o(.ARM.Collect$$$$00002712)
    $v0                                      0x0802019c   Number         0  startup_stm32f407xx.o(.text)
    .text                                    0x0802019c   Section       36  startup_stm32f407xx.o(.text)
    .text                                    0x080201c0   Section        0  uldiv.o(.text)
    .text                                    0x08020222   Section        0  memseta.o(.text)
    .text                                    0x08020246   Section        0  uidiv.o(.text)
    .text                                    0x08020272   Section        0  llshl.o(.text)
    .text                                    0x08020290   Section        0  llushr.o(.text)
    .text                                    0x080202b0   Section        0  iusefp.o(.text)
    .text                                    0x080202b0   Section        0  dadd.o(.text)
    .text                                    0x080203fe   Section        0  dmul.o(.text)
    .text                                    0x080204e2   Section        0  ddiv.o(.text)
    .text                                    0x080205c0   Section        0  dfixul.o(.text)
    .text                                    0x080205f0   Section       48  cdrcmple.o(.text)
    .text                                    0x08020620   Section       48  init.o(.text)
    .text                                    0x08020650   Section        0  llsshr.o(.text)
    .text                                    0x08020674   Section        0  depilogue.o(.text)
    [Anonymous Symbol]                       0x08020730   Section        0  stm32f4xx_it.o(.text.BusFault_Handler)
    [Anonymous Symbol]                       0x08020734   Section        0  stm32f4xx_it.o(.text.DMA2_Stream2_IRQHandler)
    [Anonymous Symbol]                       0x08020740   Section        0  stm32f4xx_it.o(.text.DMA2_Stream7_IRQHandler)
    [Anonymous Symbol]                       0x0802074c   Section        0  bsp_drv8833.o(.text.DRV8833_Backward)
    [Anonymous Symbol]                       0x0802078c   Section        0  bsp_drv8833.o(.text.DRV8833_Forward)
    [Anonymous Symbol]                       0x080207c0   Section        0  bsp_drv8833.o(.text.DRV8833_Init)
    [Anonymous Symbol]                       0x080207e0   Section        0  bsp_drv8833.o(.text.DRV8833_SetDecayMode)
    [Anonymous Symbol]                       0x080207ec   Section        0  stm32f4xx_it.o(.text.DebugMon_Handler)
    [Anonymous Symbol]                       0x080207f0   Section        0  main.o(.text.Error_Handler)
    [Anonymous Symbol]                       0x080207f8   Section        0  stm32f4xx_hal_dma.o(.text.HAL_DMA_Abort)
    [Anonymous Symbol]                       0x08020888   Section        0  stm32f4xx_hal_dma.o(.text.HAL_DMA_Abort_IT)
    [Anonymous Symbol]                       0x080208ac   Section        0  stm32f4xx_hal_dma.o(.text.HAL_DMA_IRQHandler)
    [Anonymous Symbol]                       0x08020a70   Section        0  stm32f4xx_hal_dma.o(.text.HAL_DMA_Init)
    [Anonymous Symbol]                       0x08020bd4   Section        0  stm32f4xx_hal_dma.o(.text.HAL_DMA_Start_IT)
    [Anonymous Symbol]                       0x08020c78   Section        0  stm32f4xx_hal.o(.text.HAL_Delay)
    [Anonymous Symbol]                       0x08020ca0   Section        0  stm32f4xx_hal_gpio.o(.text.HAL_GPIO_Init)
    [Anonymous Symbol]                       0x08020e40   Section        0  stm32f4xx_hal.o(.text.HAL_GetTick)
    [Anonymous Symbol]                       0x08020e4c   Section        0  stm32f4xx_hal.o(.text.HAL_IncTick)
    [Anonymous Symbol]                       0x08020e68   Section        0  stm32f4xx_hal.o(.text.HAL_Init)
    [Anonymous Symbol]                       0x08020ea0   Section        0  stm32f4xx_hal.o(.text.HAL_InitTick)
    [Anonymous Symbol]                       0x08020ee8   Section        0  stm32f4xx_hal_msp.o(.text.HAL_MspInit)
    [Anonymous Symbol]                       0x08020f20   Section        0  stm32f4xx_hal_cortex.o(.text.HAL_NVIC_EnableIRQ)
    [Anonymous Symbol]                       0x08020f44   Section        0  stm32f4xx_hal_cortex.o(.text.HAL_NVIC_SetPriority)
    [Anonymous Symbol]                       0x08020f9c   Section        0  stm32f4xx_hal_cortex.o(.text.HAL_NVIC_SetPriorityGrouping)
    [Anonymous Symbol]                       0x08020fbc   Section        0  stm32f4xx_hal_rcc.o(.text.HAL_RCC_ClockConfig)
    [Anonymous Symbol]                       0x08021120   Section        0  stm32f4xx_hal_rcc.o(.text.HAL_RCC_GetPCLK1Freq)
    [Anonymous Symbol]                       0x08021148   Section        0  stm32f4xx_hal_rcc.o(.text.HAL_RCC_GetPCLK2Freq)
    [Anonymous Symbol]                       0x08021170   Section        0  stm32f4xx_hal_rcc.o(.text.HAL_RCC_GetSysClockFreq)
    [Anonymous Symbol]                       0x080211e0   Section        0  stm32f4xx_hal_rcc.o(.text.HAL_RCC_OscConfig)
    [Anonymous Symbol]                       0x0802158c   Section        0  stm32f4xx_hal_cortex.o(.text.HAL_SYSTICK_Config)
    [Anonymous Symbol]                       0x080215b8   Section        0  stm32f4xx_hal_tim_ex.o(.text.HAL_TIMEx_BreakCallback)
    [Anonymous Symbol]                       0x080215bc   Section        0  stm32f4xx_hal_tim_ex.o(.text.HAL_TIMEx_CommutCallback)
    [Anonymous Symbol]                       0x080215c0   Section        0  stm32f4xx_hal_tim_ex.o(.text.HAL_TIMEx_MasterConfigSynchronization)
    [Anonymous Symbol]                       0x0802167c   Section        0  stm32f4xx_hal_tim.o(.text.HAL_TIM_Base_Init)
    [Anonymous Symbol]                       0x080216d8   Section        0  tim.o(.text.HAL_TIM_Base_MspInit)
    [Anonymous Symbol]                       0x08021734   Section        0  stm32f4xx_hal_tim.o(.text.HAL_TIM_ConfigClockSource)
    [Anonymous Symbol]                       0x080218d4   Section        0  stm32f4xx_hal_tim.o(.text.HAL_TIM_Encoder_Init)
    [Anonymous Symbol]                       0x08021988   Section        0  tim.o(.text.HAL_TIM_Encoder_MspInit)
    [Anonymous Symbol]                       0x080219f8   Section        0  stm32f4xx_hal_tim.o(.text.HAL_TIM_Encoder_Start)
    [Anonymous Symbol]                       0x08021ab4   Section        0  test_pwm.o(.text.HAL_TIM_IC_CaptureCallback)
    [Anonymous Symbol]                       0x08021b24   Section        0  stm32f4xx_hal_tim.o(.text.HAL_TIM_IC_ConfigChannel)
    [Anonymous Symbol]                       0x08021cec   Section        0  stm32f4xx_hal_tim.o(.text.HAL_TIM_IC_Init)
    [Anonymous Symbol]                       0x08021d48   Section        0  tim.o(.text.HAL_TIM_IC_MspInit)
    [Anonymous Symbol]                       0x08021dcc   Section        0  stm32f4xx_hal_tim.o(.text.HAL_TIM_IC_Start_IT)
    [Anonymous Symbol]                       0x08021f30   Section        0  stm32f4xx_hal_tim.o(.text.HAL_TIM_IRQHandler)
    [Anonymous Symbol]                       0x08022080   Section        0  stm32f4xx_hal_tim.o(.text.HAL_TIM_OC_DelayElapsedCallback)
    [Anonymous Symbol]                       0x08022084   Section        0  stm32f4xx_hal_tim.o(.text.HAL_TIM_PWM_ConfigChannel)
    [Anonymous Symbol]                       0x080222a4   Section        0  stm32f4xx_hal_tim.o(.text.HAL_TIM_PWM_Init)
    [Anonymous Symbol]                       0x08022300   Section        0  stm32f4xx_hal_tim.o(.text.HAL_TIM_PWM_MspInit)
    [Anonymous Symbol]                       0x08022304   Section        0  stm32f4xx_hal_tim.o(.text.HAL_TIM_PWM_PulseFinishedCallback)
    [Anonymous Symbol]                       0x08022308   Section        0  stm32f4xx_hal_tim.o(.text.HAL_TIM_PWM_Start)
    [Anonymous Symbol]                       0x08022418   Section        0  stm32f4xx_hal_tim.o(.text.HAL_TIM_PeriodElapsedCallback)
    [Anonymous Symbol]                       0x0802241c   Section        0  stm32f4xx_hal_tim.o(.text.HAL_TIM_ReadCapturedValue)
    [Anonymous Symbol]                       0x08022434   Section        0  stm32f4xx_hal_tim.o(.text.HAL_TIM_SlaveConfigSynchro)
    [Anonymous Symbol]                       0x0802248c   Section        0  stm32f4xx_hal_tim.o(.text.HAL_TIM_TriggerCallback)
    [Anonymous Symbol]                       0x08022490   Section        0  stm32f4xx_hal_uart.o(.text.HAL_UARTEx_RxEventCallback)
    [Anonymous Symbol]                       0x08022494   Section        0  stm32f4xx_hal_uart.o(.text.HAL_UART_ErrorCallback)
    [Anonymous Symbol]                       0x08022498   Section        0  stm32f4xx_hal_uart.o(.text.HAL_UART_IRQHandler)
    [Anonymous Symbol]                       0x08022a2c   Section        0  stm32f4xx_hal_uart.o(.text.HAL_UART_Init)
    [Anonymous Symbol]                       0x08022a8c   Section        0  usart.o(.text.HAL_UART_MspInit)
    [Anonymous Symbol]                       0x08022b90   Section        0  stm32f4xx_hal_uart.o(.text.HAL_UART_RxCpltCallback)
    [Anonymous Symbol]                       0x08022b94   Section        0  stm32f4xx_hal_uart.o(.text.HAL_UART_Transmit_DMA)
    [Anonymous Symbol]                       0x08022c68   Section        0  stm32f4xx_hal_uart.o(.text.HAL_UART_TxCpltCallback)
    [Anonymous Symbol]                       0x08022c6c   Section        0  stm32f4xx_hal_uart.o(.text.HAL_UART_TxHalfCpltCallback)
    [Anonymous Symbol]                       0x08022c70   Section        0  stm32f4xx_it.o(.text.HardFault_Handler)
    [Anonymous Symbol]                       0x08022c74   Section        0  dma.o(.text.MX_DMA_Init)
    [Anonymous Symbol]                       0x08022cbc   Section        0  gpio.o(.text.MX_GPIO_Init)
    [Anonymous Symbol]                       0x08022d40   Section        0  tim.o(.text.MX_TIM1_Init)
    [Anonymous Symbol]                       0x08022dac   Section        0  tim.o(.text.MX_TIM2_Init)
    [Anonymous Symbol]                       0x08022efc   Section        0  tim.o(.text.MX_TIM3_Init)
    [Anonymous Symbol]                       0x08023030   Section        0  tim.o(.text.MX_TIM8_Init)
    [Anonymous Symbol]                       0x080230f8   Section        0  usart.o(.text.MX_USART1_UART_Init)
    [Anonymous Symbol]                       0x08023134   Section        0  stm32f4xx_it.o(.text.MemManage_Handler)
    [Anonymous Symbol]                       0x08023138   Section        0  stm32f4xx_it.o(.text.NMI_Handler)
    [Anonymous Symbol]                       0x0802313c   Section        0  stm32f4xx_it.o(.text.PendSV_Handler)
    [Anonymous Symbol]                       0x08023140   Section        0  stm32f4xx_it.o(.text.SVC_Handler)
    [Anonymous Symbol]                       0x08023144   Section        0  stm32f4xx_it.o(.text.SysTick_Handler)
    [Anonymous Symbol]                       0x08023148   Section        0  main.o(.text.SystemClock_Config)
    [Anonymous Symbol]                       0x080231f0   Section        0  system_stm32f4xx.o(.text.SystemInit)
    [Anonymous Symbol]                       0x08023204   Section        0  test_pwm.o(.text.TEST_PWM_Get)
    [Anonymous Symbol]                       0x08023218   Section        0  test_pwm.o(.text.TEST_PWM_Init)
    [Anonymous Symbol]                       0x08023238   Section        0  stm32f4xx_it.o(.text.TIM8_CC_IRQHandler)
    [Anonymous Symbol]                       0x08023244   Section        0  stm32f4xx_hal_tim.o(.text.TIM_Base_SetConfig)
    TIM_SlaveTimer_SetConfig                 0x08023381   Thumb Code   250  stm32f4xx_hal_tim.o(.text.TIM_SlaveTimer_SetConfig)
    [Anonymous Symbol]                       0x08023380   Section        0  stm32f4xx_hal_tim.o(.text.TIM_SlaveTimer_SetConfig)
    UART_DMAAbortOnError                     0x0802347d   Thumb Code    10  stm32f4xx_hal_uart.o(.text.UART_DMAAbortOnError)
    [Anonymous Symbol]                       0x0802347c   Section        0  stm32f4xx_hal_uart.o(.text.UART_DMAAbortOnError)
    UART_DMAError                            0x08023489   Thumb Code   380  stm32f4xx_hal_uart.o(.text.UART_DMAError)
    [Anonymous Symbol]                       0x08023488   Section        0  stm32f4xx_hal_uart.o(.text.UART_DMAError)
    UART_DMATransmitCplt                     0x08023605   Thumb Code   176  stm32f4xx_hal_uart.o(.text.UART_DMATransmitCplt)
    [Anonymous Symbol]                       0x08023604   Section        0  stm32f4xx_hal_uart.o(.text.UART_DMATransmitCplt)
    UART_DMATxHalfCplt                       0x080236b5   Thumb Code     6  stm32f4xx_hal_uart.o(.text.UART_DMATxHalfCplt)
    [Anonymous Symbol]                       0x080236b4   Section        0  stm32f4xx_hal_uart.o(.text.UART_DMATxHalfCplt)
    UART_Receive_IT                          0x080236bd   Thumb Code   254  stm32f4xx_hal_uart.o(.text.UART_Receive_IT)
    [Anonymous Symbol]                       0x080236bc   Section        0  stm32f4xx_hal_uart.o(.text.UART_Receive_IT)
    UART_SetConfig                           0x080237bd   Thumb Code   230  stm32f4xx_hal_uart.o(.text.UART_SetConfig)
    [Anonymous Symbol]                       0x080237bc   Section        0  stm32f4xx_hal_uart.o(.text.UART_SetConfig)
    [Anonymous Symbol]                       0x080238a4   Section        0  stm32f4xx_it.o(.text.USART1_IRQHandler)
    [Anonymous Symbol]                       0x080238b0   Section        0  stm32f4xx_it.o(.text.UsageFault_Handler)
    [Anonymous Symbol]                       0x080238b4   Section        0  main.o(.text.main)
    [Anonymous Symbol]                       0x08023a18   Section        0  bsp_printf.o(.text.uart1_printf)
    i.__0vsnprintf                           0x08023aa4   Section        0  printfa.o(i.__0vsnprintf)
    i.__scatterload_copy                     0x08023ad8   Section       14  handlers.o(i.__scatterload_copy)
    i.__scatterload_null                     0x08023ae6   Section        2  handlers.o(i.__scatterload_null)
    i.__scatterload_zeroinit                 0x08023ae8   Section       14  handlers.o(i.__scatterload_zeroinit)
    _fp_digits                               0x08023af9   Thumb Code   366  printfa.o(i._fp_digits)
    i._fp_digits                             0x08023af8   Section        0  printfa.o(i._fp_digits)
    _printf_core                             0x08023c7d   Thumb Code  1744  printfa.o(i._printf_core)
    i._printf_core                           0x08023c7c   Section        0  printfa.o(i._printf_core)
    _printf_post_padding                     0x08024359   Thumb Code    36  printfa.o(i._printf_post_padding)
    i._printf_post_padding                   0x08024358   Section        0  printfa.o(i._printf_post_padding)
    _printf_pre_padding                      0x0802437d   Thumb Code    46  printfa.o(i._printf_pre_padding)
    i._printf_pre_padding                    0x0802437c   Section        0  printfa.o(i._printf_pre_padding)
    _snputc                                  0x080243ab   Thumb Code    22  printfa.o(i._snputc)
    i._snputc                                0x080243aa   Section        0  printfa.o(i._snputc)
    .Lswitch.table.HAL_TIM_IC_Start_IT       0x080243d8   Data          16  stm32f4xx_hal_tim.o(.rodata.cst16)
    .Lswitch.table.HAL_TIM_IC_Stop_IT        0x080243e8   Data          16  stm32f4xx_hal_tim.o(.rodata.cst16)
    .Lswitch.table.HAL_TIM_IC_Stop_DMA       0x080243f8   Data          16  stm32f4xx_hal_tim.o(.rodata.cst16)
    DMA_CalcBaseAndBitshift.flagBitshiftOffset 0x08024408   Data           8  stm32f4xx_hal_dma.o(.rodata.cst8)
    [Anonymous Symbol]                       0x08024408   Section        0  stm32f4xx_hal_dma.o(.rodata.cst8)
    .L_MergedGlobals                         0x20000000   Data           8  stm32f4xx_hal.o(.data..L_MergedGlobals)
    [Anonymous Symbol]                       0x20000000   Section        0  stm32f4xx_hal.o(.data..L_MergedGlobals)
    .L_MergedGlobals                         0x20000010   Data          16  test_pwm.o(.bss..L_MergedGlobals)
    [Anonymous Symbol]                       0x20000010   Section        0  test_pwm.o(.bss..L_MergedGlobals)
    .L_MergedGlobals                         0x20000020   Data           8  main.o(.bss..L_MergedGlobals)
    [Anonymous Symbol]                       0x20000020   Section        0  main.o(.bss..L_MergedGlobals)
    STACK                                    0x20000640   Section     1024  startup_stm32f407xx.o(STACK)

    Global Symbols

    Symbol Name                              Value     Ov Type        Size  Object(Section)

    BuildAttributes$$THM_ISAv4$E$P$D$K$B$S$7EM$VFPi3$EXTD16$VFPS$VFMA$PE$A:L22UL41UL21$X:L11$S22US41US21$IEEE1$IW$~IW$USESV6$~STKCKD$USESV7$~SHL$OTIME$ROPI$EBA8$MICROLIB$REQ8$PRES8$EABIv2 0x00000000   Number         0  anon$$obj.o ABSOLUTE
    _printf_a                                0x00000000   Number         0  printfstubs.o ABSOLUTE
    _printf_c                                0x00000000   Number         0  printfstubs.o ABSOLUTE
    _printf_charcount                        0x00000000   Number         0  printfstubs.o ABSOLUTE
    _printf_d                                0x00000000   Number         0  printfstubs.o ABSOLUTE
    _printf_e                                0x00000000   Number         0  printfstubs.o ABSOLUTE
    _printf_f                                0x00000000   Number         0  printfstubs.o ABSOLUTE
    _printf_flags                            0x00000000   Number         0  printfstubs.o ABSOLUTE
    _printf_fp_dec                           0x00000000   Number         0  printfstubs.o ABSOLUTE
    _printf_fp_hex                           0x00000000   Number         0  printfstubs.o ABSOLUTE
    _printf_g                                0x00000000   Number         0  printfstubs.o ABSOLUTE
    _printf_i                                0x00000000   Number         0  printfstubs.o ABSOLUTE
    _printf_int_dec                          0x00000000   Number         0  printfstubs.o ABSOLUTE
    _printf_l                                0x00000000   Number         0  printfstubs.o ABSOLUTE
    _printf_lc                               0x00000000   Number         0  printfstubs.o ABSOLUTE
    _printf_ll                               0x00000000   Number         0  printfstubs.o ABSOLUTE
    _printf_lld                              0x00000000   Number         0  printfstubs.o ABSOLUTE
    _printf_lli                              0x00000000   Number         0  printfstubs.o ABSOLUTE
    _printf_llo                              0x00000000   Number         0  printfstubs.o ABSOLUTE
    _printf_llu                              0x00000000   Number         0  printfstubs.o ABSOLUTE
    _printf_llx                              0x00000000   Number         0  printfstubs.o ABSOLUTE
    _printf_longlong_dec                     0x00000000   Number         0  printfstubs.o ABSOLUTE
    _printf_longlong_hex                     0x00000000   Number         0  printfstubs.o ABSOLUTE
    _printf_longlong_oct                     0x00000000   Number         0  printfstubs.o ABSOLUTE
    _printf_ls                               0x00000000   Number         0  printfstubs.o ABSOLUTE
    _printf_mbtowc                           0x00000000   Number         0  printfstubs.o ABSOLUTE
    _printf_n                                0x00000000   Number         0  printfstubs.o ABSOLUTE
    _printf_o                                0x00000000   Number         0  printfstubs.o ABSOLUTE
    _printf_p                                0x00000000   Number         0  printfstubs.o ABSOLUTE
    _printf_percent                          0x00000000   Number         0  printfstubs.o ABSOLUTE
    _printf_pre_padding                      0x00000000   Number         0  printfstubs.o ABSOLUTE
    _printf_return_value                     0x00000000   Number         0  printfstubs.o ABSOLUTE
    _printf_s                                0x00000000   Number         0  printfstubs.o ABSOLUTE
    _printf_sizespec                         0x00000000   Number         0  printfstubs.o ABSOLUTE
    _printf_str                              0x00000000   Number         0  printfstubs.o ABSOLUTE
    _printf_truncate_signed                  0x00000000   Number         0  printfstubs.o ABSOLUTE
    _printf_truncate_unsigned                0x00000000   Number         0  printfstubs.o ABSOLUTE
    _printf_u                                0x00000000   Number         0  printfstubs.o ABSOLUTE
    _printf_wc                               0x00000000   Number         0  printfstubs.o ABSOLUTE
    _printf_wctomb                           0x00000000   Number         0  printfstubs.o ABSOLUTE
    _printf_widthprec                        0x00000000   Number         0  printfstubs.o ABSOLUTE
    _printf_x                                0x00000000   Number         0  printfstubs.o ABSOLUTE
    __cpp_initialize__aeabi_                  - Undefined Weak Reference
    __cxa_finalize                            - Undefined Weak Reference
    __decompress                              - Undefined Weak Reference
    _clock_init                               - Undefined Weak Reference
    _microlib_exit                            - Undefined Weak Reference
    __Vectors_Size                           0x00000188   Number         0  startup_stm32f407xx.o ABSOLUTE
    __Vectors                                0x08020000   Data           4  startup_stm32f407xx.o(RESET)
    __Vectors_End                            0x08020188   Data           0  startup_stm32f407xx.o(RESET)
    __main                                   0x08020189   Thumb Code     0  entry.o(.ARM.Collect$$$$00000000)
    _main_stk                                0x08020189   Thumb Code     0  entry2.o(.ARM.Collect$$$$00000001)
    _main_scatterload                        0x0802018d   Thumb Code     0  entry5.o(.ARM.Collect$$$$00000004)
    __main_after_scatterload                 0x08020191   Thumb Code     0  entry5.o(.ARM.Collect$$$$00000004)
    _main_clock                              0x08020191   Thumb Code     0  entry7b.o(.ARM.Collect$$$$00000008)
    _main_cpp_init                           0x08020191   Thumb Code     0  entry8b.o(.ARM.Collect$$$$0000000A)
    _main_init                               0x08020191   Thumb Code     0  entry9a.o(.ARM.Collect$$$$0000000B)
    __rt_final_cpp                           0x08020199   Thumb Code     0  entry10a.o(.ARM.Collect$$$$0000000D)
    __rt_final_exit                          0x08020199   Thumb Code     0  entry11a.o(.ARM.Collect$$$$0000000F)
    Reset_Handler                            0x0802019d   Thumb Code     8  startup_stm32f407xx.o(.text)
    ADC_IRQHandler                           0x080201b7   Thumb Code     0  startup_stm32f407xx.o(.text)
    CAN1_RX0_IRQHandler                      0x080201b7   Thumb Code     0  startup_stm32f407xx.o(.text)
    CAN1_RX1_IRQHandler                      0x080201b7   Thumb Code     0  startup_stm32f407xx.o(.text)
    CAN1_SCE_IRQHandler                      0x080201b7   Thumb Code     0  startup_stm32f407xx.o(.text)
    CAN1_TX_IRQHandler                       0x080201b7   Thumb Code     0  startup_stm32f407xx.o(.text)
    CAN2_RX0_IRQHandler                      0x080201b7   Thumb Code     0  startup_stm32f407xx.o(.text)
    CAN2_RX1_IRQHandler                      0x080201b7   Thumb Code     0  startup_stm32f407xx.o(.text)
    CAN2_SCE_IRQHandler                      0x080201b7   Thumb Code     0  startup_stm32f407xx.o(.text)
    CAN2_TX_IRQHandler                       0x080201b7   Thumb Code     0  startup_stm32f407xx.o(.text)
    DCMI_IRQHandler                          0x080201b7   Thumb Code     0  startup_stm32f407xx.o(.text)
    DMA1_Stream0_IRQHandler                  0x080201b7   Thumb Code     0  startup_stm32f407xx.o(.text)
    DMA1_Stream1_IRQHandler                  0x080201b7   Thumb Code     0  startup_stm32f407xx.o(.text)
    DMA1_Stream2_IRQHandler                  0x080201b7   Thumb Code     0  startup_stm32f407xx.o(.text)
    DMA1_Stream3_IRQHandler                  0x080201b7   Thumb Code     0  startup_stm32f407xx.o(.text)
    DMA1_Stream4_IRQHandler                  0x080201b7   Thumb Code     0  startup_stm32f407xx.o(.text)
    DMA1_Stream5_IRQHandler                  0x080201b7   Thumb Code     0  startup_stm32f407xx.o(.text)
    DMA1_Stream6_IRQHandler                  0x080201b7   Thumb Code     0  startup_stm32f407xx.o(.text)
    DMA1_Stream7_IRQHandler                  0x080201b7   Thumb Code     0  startup_stm32f407xx.o(.text)
    DMA2_Stream0_IRQHandler                  0x080201b7   Thumb Code     0  startup_stm32f407xx.o(.text)
    DMA2_Stream1_IRQHandler                  0x080201b7   Thumb Code     0  startup_stm32f407xx.o(.text)
    DMA2_Stream3_IRQHandler                  0x080201b7   Thumb Code     0  startup_stm32f407xx.o(.text)
    DMA2_Stream4_IRQHandler                  0x080201b7   Thumb Code     0  startup_stm32f407xx.o(.text)
    DMA2_Stream5_IRQHandler                  0x080201b7   Thumb Code     0  startup_stm32f407xx.o(.text)
    DMA2_Stream6_IRQHandler                  0x080201b7   Thumb Code     0  startup_stm32f407xx.o(.text)
    ETH_IRQHandler                           0x080201b7   Thumb Code     0  startup_stm32f407xx.o(.text)
    ETH_WKUP_IRQHandler                      0x080201b7   Thumb Code     0  startup_stm32f407xx.o(.text)
    EXTI0_IRQHandler                         0x080201b7   Thumb Code     0  startup_stm32f407xx.o(.text)
    EXTI15_10_IRQHandler                     0x080201b7   Thumb Code     0  startup_stm32f407xx.o(.text)
    EXTI1_IRQHandler                         0x080201b7   Thumb Code     0  startup_stm32f407xx.o(.text)
    EXTI2_IRQHandler                         0x080201b7   Thumb Code     0  startup_stm32f407xx.o(.text)
    EXTI3_IRQHandler                         0x080201b7   Thumb Code     0  startup_stm32f407xx.o(.text)
    EXTI4_IRQHandler                         0x080201b7   Thumb Code     0  startup_stm32f407xx.o(.text)
    EXTI9_5_IRQHandler                       0x080201b7   Thumb Code     0  startup_stm32f407xx.o(.text)
    FLASH_IRQHandler                         0x080201b7   Thumb Code     0  startup_stm32f407xx.o(.text)
    FMC_IRQHandler                           0x080201b7   Thumb Code     0  startup_stm32f407xx.o(.text)
    FPU_IRQHandler                           0x080201b7   Thumb Code     0  startup_stm32f407xx.o(.text)
    HASH_RNG_IRQHandler                      0x080201b7   Thumb Code     0  startup_stm32f407xx.o(.text)
    I2C1_ER_IRQHandler                       0x080201b7   Thumb Code     0  startup_stm32f407xx.o(.text)
    I2C1_EV_IRQHandler                       0x080201b7   Thumb Code     0  startup_stm32f407xx.o(.text)
    I2C2_ER_IRQHandler                       0x080201b7   Thumb Code     0  startup_stm32f407xx.o(.text)
    I2C2_EV_IRQHandler                       0x080201b7   Thumb Code     0  startup_stm32f407xx.o(.text)
    I2C3_ER_IRQHandler                       0x080201b7   Thumb Code     0  startup_stm32f407xx.o(.text)
    I2C3_EV_IRQHandler                       0x080201b7   Thumb Code     0  startup_stm32f407xx.o(.text)
    OTG_FS_IRQHandler                        0x080201b7   Thumb Code     0  startup_stm32f407xx.o(.text)
    OTG_FS_WKUP_IRQHandler                   0x080201b7   Thumb Code     0  startup_stm32f407xx.o(.text)
    OTG_HS_EP1_IN_IRQHandler                 0x080201b7   Thumb Code     0  startup_stm32f407xx.o(.text)
    OTG_HS_EP1_OUT_IRQHandler                0x080201b7   Thumb Code     0  startup_stm32f407xx.o(.text)
    OTG_HS_IRQHandler                        0x080201b7   Thumb Code     0  startup_stm32f407xx.o(.text)
    OTG_HS_WKUP_IRQHandler                   0x080201b7   Thumb Code     0  startup_stm32f407xx.o(.text)
    PVD_IRQHandler                           0x080201b7   Thumb Code     0  startup_stm32f407xx.o(.text)
    RCC_IRQHandler                           0x080201b7   Thumb Code     0  startup_stm32f407xx.o(.text)
    RTC_Alarm_IRQHandler                     0x080201b7   Thumb Code     0  startup_stm32f407xx.o(.text)
    RTC_WKUP_IRQHandler                      0x080201b7   Thumb Code     0  startup_stm32f407xx.o(.text)
    SDIO_IRQHandler                          0x080201b7   Thumb Code     0  startup_stm32f407xx.o(.text)
    SPI1_IRQHandler                          0x080201b7   Thumb Code     0  startup_stm32f407xx.o(.text)
    SPI2_IRQHandler                          0x080201b7   Thumb Code     0  startup_stm32f407xx.o(.text)
    SPI3_IRQHandler                          0x080201b7   Thumb Code     0  startup_stm32f407xx.o(.text)
    TAMP_STAMP_IRQHandler                    0x080201b7   Thumb Code     0  startup_stm32f407xx.o(.text)
    TIM1_BRK_TIM9_IRQHandler                 0x080201b7   Thumb Code     0  startup_stm32f407xx.o(.text)
    TIM1_CC_IRQHandler                       0x080201b7   Thumb Code     0  startup_stm32f407xx.o(.text)
    TIM1_TRG_COM_TIM11_IRQHandler            0x080201b7   Thumb Code     0  startup_stm32f407xx.o(.text)
    TIM1_UP_TIM10_IRQHandler                 0x080201b7   Thumb Code     0  startup_stm32f407xx.o(.text)
    TIM2_IRQHandler                          0x080201b7   Thumb Code     0  startup_stm32f407xx.o(.text)
    TIM3_IRQHandler                          0x080201b7   Thumb Code     0  startup_stm32f407xx.o(.text)
    TIM4_IRQHandler                          0x080201b7   Thumb Code     0  startup_stm32f407xx.o(.text)
    TIM5_IRQHandler                          0x080201b7   Thumb Code     0  startup_stm32f407xx.o(.text)
    TIM6_DAC_IRQHandler                      0x080201b7   Thumb Code     0  startup_stm32f407xx.o(.text)
    TIM7_IRQHandler                          0x080201b7   Thumb Code     0  startup_stm32f407xx.o(.text)
    TIM8_BRK_TIM12_IRQHandler                0x080201b7   Thumb Code     0  startup_stm32f407xx.o(.text)
    TIM8_TRG_COM_TIM14_IRQHandler            0x080201b7   Thumb Code     0  startup_stm32f407xx.o(.text)
    TIM8_UP_TIM13_IRQHandler                 0x080201b7   Thumb Code     0  startup_stm32f407xx.o(.text)
    UART4_IRQHandler                         0x080201b7   Thumb Code     0  startup_stm32f407xx.o(.text)
    UART5_IRQHandler                         0x080201b7   Thumb Code     0  startup_stm32f407xx.o(.text)
    USART2_IRQHandler                        0x080201b7   Thumb Code     0  startup_stm32f407xx.o(.text)
    USART3_IRQHandler                        0x080201b7   Thumb Code     0  startup_stm32f407xx.o(.text)
    USART6_IRQHandler                        0x080201b7   Thumb Code     0  startup_stm32f407xx.o(.text)
    WWDG_IRQHandler                          0x080201b7   Thumb Code     0  startup_stm32f407xx.o(.text)
    __aeabi_uldivmod                         0x080201c1   Thumb Code    98  uldiv.o(.text)
    __aeabi_memset                           0x08020223   Thumb Code    14  memseta.o(.text)
    __aeabi_memset4                          0x08020223   Thumb Code     0  memseta.o(.text)
    __aeabi_memset8                          0x08020223   Thumb Code     0  memseta.o(.text)
    __aeabi_memclr                           0x08020231   Thumb Code     4  memseta.o(.text)
    __aeabi_memclr4                          0x08020231   Thumb Code     0  memseta.o(.text)
    __aeabi_memclr8                          0x08020231   Thumb Code     0  memseta.o(.text)
    _memset$wrapper                          0x08020235   Thumb Code    18  memseta.o(.text)
    __aeabi_uidiv                            0x08020247   Thumb Code     0  uidiv.o(.text)
    __aeabi_uidivmod                         0x08020247   Thumb Code    44  uidiv.o(.text)
    __aeabi_llsl                             0x08020273   Thumb Code    30  llshl.o(.text)
    _ll_shift_l                              0x08020273   Thumb Code     0  llshl.o(.text)
    __aeabi_llsr                             0x08020291   Thumb Code    32  llushr.o(.text)
    _ll_ushift_r                             0x08020291   Thumb Code     0  llushr.o(.text)
    __I$use$fp                               0x080202b1   Thumb Code     0  iusefp.o(.text)
    __aeabi_dadd                             0x080202b1   Thumb Code   322  dadd.o(.text)
    __aeabi_dsub                             0x080203f3   Thumb Code     6  dadd.o(.text)
    __aeabi_drsub                            0x080203f9   Thumb Code     6  dadd.o(.text)
    __aeabi_dmul                             0x080203ff   Thumb Code   228  dmul.o(.text)
    __aeabi_ddiv                             0x080204e3   Thumb Code   222  ddiv.o(.text)
    __aeabi_d2ulz                            0x080205c1   Thumb Code    48  dfixul.o(.text)
    __aeabi_cdrcmple                         0x080205f1   Thumb Code    48  cdrcmple.o(.text)
    __scatterload                            0x08020621   Thumb Code    38  init.o(.text)
    __scatterload_rt2                        0x08020621   Thumb Code     0  init.o(.text)
    __aeabi_lasr                             0x08020651   Thumb Code    36  llsshr.o(.text)
    _ll_sshift_r                             0x08020651   Thumb Code     0  llsshr.o(.text)
    _double_round                            0x08020675   Thumb Code    30  depilogue.o(.text)
    _double_epilogue                         0x08020693   Thumb Code   156  depilogue.o(.text)
    BusFault_Handler                         0x08020731   Thumb Code     2  stm32f4xx_it.o(.text.BusFault_Handler)
    DMA2_Stream2_IRQHandler                  0x08020735   Thumb Code    12  stm32f4xx_it.o(.text.DMA2_Stream2_IRQHandler)
    DMA2_Stream7_IRQHandler                  0x08020741   Thumb Code    12  stm32f4xx_it.o(.text.DMA2_Stream7_IRQHandler)
    DRV8833_Backward                         0x0802074d   Thumb Code    64  bsp_drv8833.o(.text.DRV8833_Backward)
    DRV8833_Forward                          0x0802078d   Thumb Code    52  bsp_drv8833.o(.text.DRV8833_Forward)
    DRV8833_Init                             0x080207c1   Thumb Code    30  bsp_drv8833.o(.text.DRV8833_Init)
    DRV8833_SetDecayMode                     0x080207e1   Thumb Code    12  bsp_drv8833.o(.text.DRV8833_SetDecayMode)
    DebugMon_Handler                         0x080207ed   Thumb Code     2  stm32f4xx_it.o(.text.DebugMon_Handler)
    Error_Handler                            0x080207f1   Thumb Code     6  main.o(.text.Error_Handler)
    HAL_DMA_Abort                            0x080207f9   Thumb Code   142  stm32f4xx_hal_dma.o(.text.HAL_DMA_Abort)
    HAL_DMA_Abort_IT                         0x08020889   Thumb Code    36  stm32f4xx_hal_dma.o(.text.HAL_DMA_Abort_IT)
    HAL_DMA_IRQHandler                       0x080208ad   Thumb Code   452  stm32f4xx_hal_dma.o(.text.HAL_DMA_IRQHandler)
    HAL_DMA_Init                             0x08020a71   Thumb Code   354  stm32f4xx_hal_dma.o(.text.HAL_DMA_Init)
    HAL_DMA_Start_IT                         0x08020bd5   Thumb Code   162  stm32f4xx_hal_dma.o(.text.HAL_DMA_Start_IT)
    HAL_Delay                                0x08020c79   Thumb Code    40  stm32f4xx_hal.o(.text.HAL_Delay)
    HAL_GPIO_Init                            0x08020ca1   Thumb Code   414  stm32f4xx_hal_gpio.o(.text.HAL_GPIO_Init)
    HAL_GetTick                              0x08020e41   Thumb Code    12  stm32f4xx_hal.o(.text.HAL_GetTick)
    HAL_IncTick                              0x08020e4d   Thumb Code    26  stm32f4xx_hal.o(.text.HAL_IncTick)
    HAL_Init                                 0x08020e69   Thumb Code    54  stm32f4xx_hal.o(.text.HAL_Init)
    HAL_InitTick                             0x08020ea1   Thumb Code    72  stm32f4xx_hal.o(.text.HAL_InitTick)
    HAL_MspInit                              0x08020ee9   Thumb Code    56  stm32f4xx_hal_msp.o(.text.HAL_MspInit)
    HAL_NVIC_EnableIRQ                       0x08020f21   Thumb Code    34  stm32f4xx_hal_cortex.o(.text.HAL_NVIC_EnableIRQ)
    HAL_NVIC_SetPriority                     0x08020f45   Thumb Code    86  stm32f4xx_hal_cortex.o(.text.HAL_NVIC_SetPriority)
    HAL_NVIC_SetPriorityGrouping             0x08020f9d   Thumb Code    32  stm32f4xx_hal_cortex.o(.text.HAL_NVIC_SetPriorityGrouping)
    HAL_RCC_ClockConfig                      0x08020fbd   Thumb Code   356  stm32f4xx_hal_rcc.o(.text.HAL_RCC_ClockConfig)
    HAL_RCC_GetPCLK1Freq                     0x08021121   Thumb Code    38  stm32f4xx_hal_rcc.o(.text.HAL_RCC_GetPCLK1Freq)
    HAL_RCC_GetPCLK2Freq                     0x08021149   Thumb Code    38  stm32f4xx_hal_rcc.o(.text.HAL_RCC_GetPCLK2Freq)
    HAL_RCC_GetSysClockFreq                  0x08021171   Thumb Code   112  stm32f4xx_hal_rcc.o(.text.HAL_RCC_GetSysClockFreq)
    HAL_RCC_OscConfig                        0x080211e1   Thumb Code   940  stm32f4xx_hal_rcc.o(.text.HAL_RCC_OscConfig)
    HAL_SYSTICK_Config                       0x0802158d   Thumb Code    44  stm32f4xx_hal_cortex.o(.text.HAL_SYSTICK_Config)
    HAL_TIMEx_BreakCallback                  0x080215b9   Thumb Code     2  stm32f4xx_hal_tim_ex.o(.text.HAL_TIMEx_BreakCallback)
    HAL_TIMEx_CommutCallback                 0x080215bd   Thumb Code     2  stm32f4xx_hal_tim_ex.o(.text.HAL_TIMEx_CommutCallback)
    HAL_TIMEx_MasterConfigSynchronization    0x080215c1   Thumb Code   186  stm32f4xx_hal_tim_ex.o(.text.HAL_TIMEx_MasterConfigSynchronization)
    HAL_TIM_Base_Init                        0x0802167d   Thumb Code    90  stm32f4xx_hal_tim.o(.text.HAL_TIM_Base_Init)
    HAL_TIM_Base_MspInit                     0x080216d9   Thumb Code    90  tim.o(.text.HAL_TIM_Base_MspInit)
    HAL_TIM_ConfigClockSource                0x08021735   Thumb Code   416  stm32f4xx_hal_tim.o(.text.HAL_TIM_ConfigClockSource)
    HAL_TIM_Encoder_Init                     0x080218d5   Thumb Code   178  stm32f4xx_hal_tim.o(.text.HAL_TIM_Encoder_Init)
    HAL_TIM_Encoder_MspInit                  0x08021989   Thumb Code   112  tim.o(.text.HAL_TIM_Encoder_MspInit)
    HAL_TIM_Encoder_Start                    0x080219f9   Thumb Code   188  stm32f4xx_hal_tim.o(.text.HAL_TIM_Encoder_Start)
    HAL_TIM_IC_CaptureCallback               0x08021ab5   Thumb Code   110  test_pwm.o(.text.HAL_TIM_IC_CaptureCallback)
    HAL_TIM_IC_ConfigChannel                 0x08021b25   Thumb Code   454  stm32f4xx_hal_tim.o(.text.HAL_TIM_IC_ConfigChannel)
    HAL_TIM_IC_Init                          0x08021ced   Thumb Code    90  stm32f4xx_hal_tim.o(.text.HAL_TIM_IC_Init)
    HAL_TIM_IC_MspInit                       0x08021d49   Thumb Code   130  tim.o(.text.HAL_TIM_IC_MspInit)
    HAL_TIM_IC_Start_IT                      0x08021dcd   Thumb Code   354  stm32f4xx_hal_tim.o(.text.HAL_TIM_IC_Start_IT)
    HAL_TIM_IRQHandler                       0x08021f31   Thumb Code   334  stm32f4xx_hal_tim.o(.text.HAL_TIM_IRQHandler)
    HAL_TIM_OC_DelayElapsedCallback          0x08022081   Thumb Code     2  stm32f4xx_hal_tim.o(.text.HAL_TIM_OC_DelayElapsedCallback)
    HAL_TIM_PWM_ConfigChannel                0x08022085   Thumb Code   544  stm32f4xx_hal_tim.o(.text.HAL_TIM_PWM_ConfigChannel)
    HAL_TIM_PWM_Init                         0x080222a5   Thumb Code    90  stm32f4xx_hal_tim.o(.text.HAL_TIM_PWM_Init)
    HAL_TIM_PWM_MspInit                      0x08022301   Thumb Code     2  stm32f4xx_hal_tim.o(.text.HAL_TIM_PWM_MspInit)
    HAL_TIM_PWM_PulseFinishedCallback        0x08022305   Thumb Code     2  stm32f4xx_hal_tim.o(.text.HAL_TIM_PWM_PulseFinishedCallback)
    HAL_TIM_PWM_Start                        0x08022309   Thumb Code   270  stm32f4xx_hal_tim.o(.text.HAL_TIM_PWM_Start)
    HAL_TIM_PeriodElapsedCallback            0x08022419   Thumb Code     2  stm32f4xx_hal_tim.o(.text.HAL_TIM_PeriodElapsedCallback)
    HAL_TIM_ReadCapturedValue                0x0802241d   Thumb Code    22  stm32f4xx_hal_tim.o(.text.HAL_TIM_ReadCapturedValue)
    HAL_TIM_SlaveConfigSynchro               0x08022435   Thumb Code    88  stm32f4xx_hal_tim.o(.text.HAL_TIM_SlaveConfigSynchro)
    HAL_TIM_TriggerCallback                  0x0802248d   Thumb Code     2  stm32f4xx_hal_tim.o(.text.HAL_TIM_TriggerCallback)
    HAL_UARTEx_RxEventCallback               0x08022491   Thumb Code     2  stm32f4xx_hal_uart.o(.text.HAL_UARTEx_RxEventCallback)
    HAL_UART_ErrorCallback                   0x08022495   Thumb Code     2  stm32f4xx_hal_uart.o(.text.HAL_UART_ErrorCallback)
    HAL_UART_IRQHandler                      0x08022499   Thumb Code  1428  stm32f4xx_hal_uart.o(.text.HAL_UART_IRQHandler)
    HAL_UART_Init                            0x08022a2d   Thumb Code    96  stm32f4xx_hal_uart.o(.text.HAL_UART_Init)
    HAL_UART_MspInit                         0x08022a8d   Thumb Code   258  usart.o(.text.HAL_UART_MspInit)
    HAL_UART_RxCpltCallback                  0x08022b91   Thumb Code     2  stm32f4xx_hal_uart.o(.text.HAL_UART_RxCpltCallback)
    HAL_UART_Transmit_DMA                    0x08022b95   Thumb Code   212  stm32f4xx_hal_uart.o(.text.HAL_UART_Transmit_DMA)
    HAL_UART_TxCpltCallback                  0x08022c69   Thumb Code     2  stm32f4xx_hal_uart.o(.text.HAL_UART_TxCpltCallback)
    HAL_UART_TxHalfCpltCallback              0x08022c6d   Thumb Code     2  stm32f4xx_hal_uart.o(.text.HAL_UART_TxHalfCpltCallback)
    HardFault_Handler                        0x08022c71   Thumb Code     2  stm32f4xx_it.o(.text.HardFault_Handler)
    MX_DMA_Init                              0x08022c75   Thumb Code    72  dma.o(.text.MX_DMA_Init)
    MX_GPIO_Init                             0x08022cbd   Thumb Code   132  gpio.o(.text.MX_GPIO_Init)
    MX_TIM1_Init                             0x08022d41   Thumb Code   106  tim.o(.text.MX_TIM1_Init)
    MX_TIM2_Init                             0x08022dad   Thumb Code   334  tim.o(.text.MX_TIM2_Init)
    MX_TIM3_Init                             0x08022efd   Thumb Code   308  tim.o(.text.MX_TIM3_Init)
    MX_TIM8_Init                             0x08023031   Thumb Code   200  tim.o(.text.MX_TIM8_Init)
    MX_USART1_UART_Init                      0x080230f9   Thumb Code    60  usart.o(.text.MX_USART1_UART_Init)
    MemManage_Handler                        0x08023135   Thumb Code     2  stm32f4xx_it.o(.text.MemManage_Handler)
    NMI_Handler                              0x08023139   Thumb Code     2  stm32f4xx_it.o(.text.NMI_Handler)
    PendSV_Handler                           0x0802313d   Thumb Code     2  stm32f4xx_it.o(.text.PendSV_Handler)
    SVC_Handler                              0x08023141   Thumb Code     2  stm32f4xx_it.o(.text.SVC_Handler)
    SysTick_Handler                          0x08023145   Thumb Code     4  stm32f4xx_it.o(.text.SysTick_Handler)
    SystemClock_Config                       0x08023149   Thumb Code   168  main.o(.text.SystemClock_Config)
    SystemInit                               0x080231f1   Thumb Code    18  system_stm32f4xx.o(.text.SystemInit)
    TEST_PWM_Get                             0x08023205   Thumb Code    18  test_pwm.o(.text.TEST_PWM_Get)
    TEST_PWM_Init                            0x08023219   Thumb Code    30  test_pwm.o(.text.TEST_PWM_Init)
    TIM8_CC_IRQHandler                       0x08023239   Thumb Code    12  stm32f4xx_it.o(.text.TIM8_CC_IRQHandler)
    TIM_Base_SetConfig                       0x08023245   Thumb Code   314  stm32f4xx_hal_tim.o(.text.TIM_Base_SetConfig)
    USART1_IRQHandler                        0x080238a5   Thumb Code    12  stm32f4xx_it.o(.text.USART1_IRQHandler)
    UsageFault_Handler                       0x080238b1   Thumb Code     2  stm32f4xx_it.o(.text.UsageFault_Handler)
    main                                     0x080238b5   Thumb Code   268  main.o(.text.main)
    uart1_printf                             0x08023a19   Thumb Code   138  bsp_printf.o(.text.uart1_printf)
    __0vsnprintf                             0x08023aa5   Thumb Code    46  printfa.o(i.__0vsnprintf)
    __1vsnprintf                             0x08023aa5   Thumb Code     0  printfa.o(i.__0vsnprintf)
    __2vsnprintf                             0x08023aa5   Thumb Code     0  printfa.o(i.__0vsnprintf)
    __c89vsnprintf                           0x08023aa5   Thumb Code     0  printfa.o(i.__0vsnprintf)
    vsnprintf                                0x08023aa5   Thumb Code     0  printfa.o(i.__0vsnprintf)
    __scatterload_copy                       0x08023ad9   Thumb Code    14  handlers.o(i.__scatterload_copy)
    __scatterload_null                       0x08023ae7   Thumb Code     2  handlers.o(i.__scatterload_null)
    __scatterload_zeroinit                   0x08023ae9   Thumb Code    14  handlers.o(i.__scatterload_zeroinit)
    AHBPrescTable                            0x080243c0   Data          16  system_stm32f4xx.o(.rodata.AHBPrescTable)
    APBPrescTable                            0x080243d0   Data           8  system_stm32f4xx.o(.rodata.APBPrescTable)
    Region$$Table$$Base                      0x08024410   Number         0  anon$$obj.o(Region$$Table)
    Region$$Table$$Limit                     0x08024430   Number         0  anon$$obj.o(Region$$Table)
    uwTickFreq                               0x20000000   Data           1  stm32f4xx_hal.o(.data..L_MergedGlobals)
    uwTickPrio                               0x20000004   Data           4  stm32f4xx_hal.o(.data..L_MergedGlobals)
    SystemCoreClock                          0x20000008   Data           4  system_stm32f4xx.o(.data.SystemCoreClock)
    r_u8DutyCycle                            0x20000010   Data           1  test_pwm.o(.bss..L_MergedGlobals)
    r_u32IC1Value                            0x20000014   Data           4  test_pwm.o(.bss..L_MergedGlobals)
    r_u32IC2Value                            0x20000018   Data           4  test_pwm.o(.bss..L_MergedGlobals)
    r_u32Frequence                           0x2000001c   Data           4  test_pwm.o(.bss..L_MergedGlobals)
    g_u8DutyCycle                            0x20000020   Data           1  main.o(.bss..L_MergedGlobals)
    g_u8Speed                                0x20000021   Data           1  main.o(.bss..L_MergedGlobals)
    g_u8TestDutyCycle                        0x20000022   Data           1  main.o(.bss..L_MergedGlobals)
    g_u32TestFrequence                       0x20000024   Data           4  main.o(.bss..L_MergedGlobals)
    _dbg_TXBuff                              0x20000028   Data        1000  bsp_printf.o(.bss._dbg_TXBuff)
    g_enDecayMode                            0x20000410   Data           1  bsp_drv8833.o(.bss.g_enDecayMode)
    hdma_usart1_rx                           0x20000414   Data          96  usart.o(.bss.hdma_usart1_rx)
    hdma_usart1_tx                           0x20000474   Data          96  usart.o(.bss.hdma_usart1_tx)
    htim1                                    0x200004d4   Data          72  tim.o(.bss.htim1)
    htim2                                    0x2000051c   Data          72  tim.o(.bss.htim2)
    htim3                                    0x20000564   Data          72  tim.o(.bss.htim3)
    htim8                                    0x200005ac   Data          72  tim.o(.bss.htim8)
    huart1                                   0x200005f4   Data          72  usart.o(.bss.huart1)
    uwTick                                   0x2000063c   Data           4  stm32f4xx_hal.o(.bss.uwTick)
    __initial_sp                             0x20000a40   Data           0  startup_stm32f407xx.o(STACK)



==============================================================================

Memory Map of the image

  Image Entry point : 0x08020189

  Load Region LR_IROM1 (Base: 0x08020000, Size: 0x00004440, Max: 0x00060000, ABSOLUTE)

    Execution Region ER_IROM1 (Exec base: 0x08020000, Load base: 0x08020000, Size: 0x00004430, Max: 0x00060000, ABSOLUTE)

    Exec Addr    Load Addr    Size         Type   Attr      Idx    E Section Name        Object

    0x08020000   0x08020000   0x00000188   Data   RO            3    RESET               startup_stm32f407xx.o
    0x08020188   0x08020188   0x00000000   Code   RO         1037  * .ARM.Collect$$$$00000000  mc_w.l(entry.o)
    0x08020188   0x08020188   0x00000004   Code   RO         1307    .ARM.Collect$$$$00000001  mc_w.l(entry2.o)
    0x0802018c   0x0802018c   0x00000004   Code   RO         1310    .ARM.Collect$$$$00000004  mc_w.l(entry5.o)
    0x08020190   0x08020190   0x00000000   Code   RO         1312    .ARM.Collect$$$$00000008  mc_w.l(entry7b.o)
    0x08020190   0x08020190   0x00000000   Code   RO         1314    .ARM.Collect$$$$0000000A  mc_w.l(entry8b.o)
    0x08020190   0x08020190   0x00000008   Code   RO         1315    .ARM.Collect$$$$0000000B  mc_w.l(entry9a.o)
    0x08020198   0x08020198   0x00000000   Code   RO         1317    .ARM.Collect$$$$0000000D  mc_w.l(entry10a.o)
    0x08020198   0x08020198   0x00000000   Code   RO         1319    .ARM.Collect$$$$0000000F  mc_w.l(entry11a.o)
    0x08020198   0x08020198   0x00000004   Code   RO         1308    .ARM.Collect$$$$00002712  mc_w.l(entry2.o)
    0x0802019c   0x0802019c   0x00000024   Code   RO            4    .text               startup_stm32f407xx.o
    0x080201c0   0x080201c0   0x00000062   Code   RO         1040    .text               mc_w.l(uldiv.o)
    0x08020222   0x08020222   0x00000024   Code   RO         1042    .text               mc_w.l(memseta.o)
    0x08020246   0x08020246   0x0000002c   Code   RO         1335    .text               mc_w.l(uidiv.o)
    0x08020272   0x08020272   0x0000001e   Code   RO         1337    .text               mc_w.l(llshl.o)
    0x08020290   0x08020290   0x00000020   Code   RO         1339    .text               mc_w.l(llushr.o)
    0x080202b0   0x080202b0   0x00000000   Code   RO         1341    .text               mc_w.l(iusefp.o)
    0x080202b0   0x080202b0   0x0000014e   Code   RO         1342    .text               mf_w.l(dadd.o)
    0x080203fe   0x080203fe   0x000000e4   Code   RO         1344    .text               mf_w.l(dmul.o)
    0x080204e2   0x080204e2   0x000000de   Code   RO         1346    .text               mf_w.l(ddiv.o)
    0x080205c0   0x080205c0   0x00000030   Code   RO         1348    .text               mf_w.l(dfixul.o)
    0x080205f0   0x080205f0   0x00000030   Code   RO         1350    .text               mf_w.l(cdrcmple.o)
    0x08020620   0x08020620   0x00000030   Code   RO         1352    .text               mc_w.l(init.o)
    0x08020650   0x08020650   0x00000024   Code   RO         1355    .text               mc_w.l(llsshr.o)
    0x08020674   0x08020674   0x000000ba   Code   RO         1358    .text               mf_w.l(depilogue.o)
    0x0802072e   0x0802072e   0x00000002   PAD
    0x08020730   0x08020730   0x00000002   Code   RO          162    .text.BusFault_Handler  stm32f4xx_it.o
    0x08020732   0x08020732   0x00000002   PAD
    0x08020734   0x08020734   0x0000000c   Code   RO          178    .text.DMA2_Stream2_IRQHandler  stm32f4xx_it.o
    0x08020740   0x08020740   0x0000000c   Code   RO          180    .text.DMA2_Stream7_IRQHandler  stm32f4xx_it.o
    0x0802074c   0x0802074c   0x00000040   Code   RO           56    .text.DRV8833_Backward  bsp_drv8833.o
    0x0802078c   0x0802078c   0x00000034   Code   RO           54    .text.DRV8833_Forward  bsp_drv8833.o
    0x080207c0   0x080207c0   0x0000001e   Code   RO           50    .text.DRV8833_Init  bsp_drv8833.o
    0x080207de   0x080207de   0x00000002   PAD
    0x080207e0   0x080207e0   0x0000000c   Code   RO           52    .text.DRV8833_SetDecayMode  bsp_drv8833.o
    0x080207ec   0x080207ec   0x00000002   Code   RO          168    .text.DebugMon_Handler  stm32f4xx_it.o
    0x080207ee   0x080207ee   0x00000002   PAD
    0x080207f0   0x080207f0   0x00000006   Code   RO           75    .text.Error_Handler  main.o
    0x080207f6   0x080207f6   0x00000002   PAD
    0x080207f8   0x080207f8   0x0000008e   Code   RO          672    .text.HAL_DMA_Abort  stm32f4xx_hal_dma.o
    0x08020886   0x08020886   0x00000002   PAD
    0x08020888   0x08020888   0x00000024   Code   RO          674    .text.HAL_DMA_Abort_IT  stm32f4xx_hal_dma.o
    0x080208ac   0x080208ac   0x000001c4   Code   RO          678    .text.HAL_DMA_IRQHandler  stm32f4xx_hal_dma.o
    0x08020a70   0x08020a70   0x00000162   Code   RO          664    .text.HAL_DMA_Init  stm32f4xx_hal_dma.o
    0x08020bd2   0x08020bd2   0x00000002   PAD
    0x08020bd4   0x08020bd4   0x000000a2   Code   RO          670    .text.HAL_DMA_Start_IT  stm32f4xx_hal_dma.o
    0x08020c76   0x08020c76   0x00000002   PAD
    0x08020c78   0x08020c78   0x00000028   Code   RO          831    .text.HAL_Delay     stm32f4xx_hal.o
    0x08020ca0   0x08020ca0   0x0000019e   Code   RO          626    .text.HAL_GPIO_Init  stm32f4xx_hal_gpio.o
    0x08020e3e   0x08020e3e   0x00000002   PAD
    0x08020e40   0x08020e40   0x0000000c   Code   RO          823    .text.HAL_GetTick   stm32f4xx_hal.o
    0x08020e4c   0x08020e4c   0x0000001a   Code   RO          821    .text.HAL_IncTick   stm32f4xx_hal.o
    0x08020e66   0x08020e66   0x00000002   PAD
    0x08020e68   0x08020e68   0x00000036   Code   RO          811    .text.HAL_Init      stm32f4xx_hal.o
    0x08020e9e   0x08020e9e   0x00000002   PAD
    0x08020ea0   0x08020ea0   0x00000048   Code   RO          813    .text.HAL_InitTick  stm32f4xx_hal.o
    0x08020ee8   0x08020ee8   0x00000038   Code   RO          189    .text.HAL_MspInit   stm32f4xx_hal_msp.o
    0x08020f20   0x08020f20   0x00000022   Code   RO          763    .text.HAL_NVIC_EnableIRQ  stm32f4xx_hal_cortex.o
    0x08020f42   0x08020f42   0x00000002   PAD
    0x08020f44   0x08020f44   0x00000056   Code   RO          761    .text.HAL_NVIC_SetPriority  stm32f4xx_hal_cortex.o
    0x08020f9a   0x08020f9a   0x00000002   PAD
    0x08020f9c   0x08020f9c   0x00000020   Code   RO          759    .text.HAL_NVIC_SetPriorityGrouping  stm32f4xx_hal_cortex.o
    0x08020fbc   0x08020fbc   0x00000164   Code   RO          520    .text.HAL_RCC_ClockConfig  stm32f4xx_hal_rcc.o
    0x08021120   0x08021120   0x00000026   Code   RO          532    .text.HAL_RCC_GetPCLK1Freq  stm32f4xx_hal_rcc.o
    0x08021146   0x08021146   0x00000002   PAD
    0x08021148   0x08021148   0x00000026   Code   RO          534    .text.HAL_RCC_GetPCLK2Freq  stm32f4xx_hal_rcc.o
    0x0802116e   0x0802116e   0x00000002   PAD
    0x08021170   0x08021170   0x00000070   Code   RO          522    .text.HAL_RCC_GetSysClockFreq  stm32f4xx_hal_rcc.o
    0x080211e0   0x080211e0   0x000003ac   Code   RO          518    .text.HAL_RCC_OscConfig  stm32f4xx_hal_rcc.o
    0x0802158c   0x0802158c   0x0000002c   Code   RO          771    .text.HAL_SYSTICK_Config  stm32f4xx_hal_cortex.o
    0x080215b8   0x080215b8   0x00000002   Code   RO          502    .text.HAL_TIMEx_BreakCallback  stm32f4xx_hal_tim_ex.o
    0x080215ba   0x080215ba   0x00000002   PAD
    0x080215bc   0x080215bc   0x00000002   Code   RO          498    .text.HAL_TIMEx_CommutCallback  stm32f4xx_hal_tim_ex.o
    0x080215be   0x080215be   0x00000002   PAD
    0x080215c0   0x080215c0   0x000000ba   Code   RO          492    .text.HAL_TIMEx_MasterConfigSynchronization  stm32f4xx_hal_tim_ex.o
    0x0802167a   0x0802167a   0x00000002   PAD
    0x0802167c   0x0802167c   0x0000005a   Code   RO          197    .text.HAL_TIM_Base_Init  stm32f4xx_hal_tim.o
    0x080216d6   0x080216d6   0x00000002   PAD
    0x080216d8   0x080216d8   0x0000005a   Code   RO          117    .text.HAL_TIM_Base_MspInit  tim.o
    0x08021732   0x08021732   0x00000002   PAD
    0x08021734   0x08021734   0x000001a0   Code   RO          377    .text.HAL_TIM_ConfigClockSource  stm32f4xx_hal_tim.o
    0x080218d4   0x080218d4   0x000000b2   Code   RO          311    .text.HAL_TIM_Encoder_Init  stm32f4xx_hal_tim.o
    0x08021986   0x08021986   0x00000002   PAD
    0x08021988   0x08021988   0x00000070   Code   RO          115    .text.HAL_TIM_Encoder_MspInit  tim.o
    0x080219f8   0x080219f8   0x000000bc   Code   RO          319    .text.HAL_TIM_Encoder_Start  stm32f4xx_hal_tim.o
    0x08021ab4   0x08021ab4   0x0000006e   Code   RO           13    .text.HAL_TIM_IC_CaptureCallback  test_pwm.o
    0x08021b22   0x08021b22   0x00000002   PAD
    0x08021b24   0x08021b24   0x000001c6   Code   RO          347    .text.HAL_TIM_IC_ConfigChannel  stm32f4xx_hal_tim.o
    0x08021cea   0x08021cea   0x00000002   PAD
    0x08021cec   0x08021cec   0x0000005a   Code   RO          271    .text.HAL_TIM_IC_Init  stm32f4xx_hal_tim.o
    0x08021d46   0x08021d46   0x00000002   PAD
    0x08021d48   0x08021d48   0x00000082   Code   RO          119    .text.HAL_TIM_IC_MspInit  tim.o
    0x08021dca   0x08021dca   0x00000002   PAD
    0x08021dcc   0x08021dcc   0x00000162   Code   RO          283    .text.HAL_TIM_IC_Start_IT  stm32f4xx_hal_tim.o
    0x08021f2e   0x08021f2e   0x00000002   PAD
    0x08021f30   0x08021f30   0x0000014e   Code   RO          331    .text.HAL_TIM_IRQHandler  stm32f4xx_hal_tim.o
    0x0802207e   0x0802207e   0x00000002   PAD
    0x08022080   0x08022080   0x00000002   Code   RO          335    .text.HAL_TIM_OC_DelayElapsedCallback  stm32f4xx_hal_tim.o
    0x08022082   0x08022082   0x00000002   PAD
    0x08022084   0x08022084   0x00000220   Code   RO          351    .text.HAL_TIM_PWM_ConfigChannel  stm32f4xx_hal_tim.o
    0x080222a4   0x080222a4   0x0000005a   Code   RO          251    .text.HAL_TIM_PWM_Init  stm32f4xx_hal_tim.o
    0x080222fe   0x080222fe   0x00000002   PAD
    0x08022300   0x08022300   0x00000002   Code   RO          253    .text.HAL_TIM_PWM_MspInit  stm32f4xx_hal_tim.o
    0x08022302   0x08022302   0x00000002   PAD
    0x08022304   0x08022304   0x00000002   Code   RO          337    .text.HAL_TIM_PWM_PulseFinishedCallback  stm32f4xx_hal_tim.o
    0x08022306   0x08022306   0x00000002   PAD
    0x08022308   0x08022308   0x0000010e   Code   RO          259    .text.HAL_TIM_PWM_Start  stm32f4xx_hal_tim.o
    0x08022416   0x08022416   0x00000002   PAD
    0x08022418   0x08022418   0x00000002   Code   RO          339    .text.HAL_TIM_PeriodElapsedCallback  stm32f4xx_hal_tim.o
    0x0802241a   0x0802241a   0x00000002   PAD
    0x0802241c   0x0802241c   0x00000016   Code   RO          387    .text.HAL_TIM_ReadCapturedValue  stm32f4xx_hal_tim.o
    0x08022432   0x08022432   0x00000002   PAD
    0x08022434   0x08022434   0x00000058   Code   RO          381    .text.HAL_TIM_SlaveConfigSynchro  stm32f4xx_hal_tim.o
    0x0802248c   0x0802248c   0x00000002   Code   RO          341    .text.HAL_TIM_TriggerCallback  stm32f4xx_hal_tim.o
    0x0802248e   0x0802248e   0x00000002   PAD
    0x08022490   0x08022490   0x00000002   Code   RO          987    .text.HAL_UARTEx_RxEventCallback  stm32f4xx_hal_uart.o
    0x08022492   0x08022492   0x00000002   PAD
    0x08022494   0x08022494   0x00000002   Code   RO          985    .text.HAL_UART_ErrorCallback  stm32f4xx_hal_uart.o
    0x08022496   0x08022496   0x00000002   PAD
    0x08022498   0x08022498   0x00000594   Code   RO          979    .text.HAL_UART_IRQHandler  stm32f4xx_hal_uart.o
    0x08022a2c   0x08022a2c   0x00000060   Code   RO          901    .text.HAL_UART_Init  stm32f4xx_hal_uart.o
    0x08022a8c   0x08022a8c   0x00000102   Code   RO          141    .text.HAL_UART_MspInit  usart.o
    0x08022b8e   0x08022b8e   0x00000002   PAD
    0x08022b90   0x08022b90   0x00000002   Code   RO          993    .text.HAL_UART_RxCpltCallback  stm32f4xx_hal_uart.o
    0x08022b92   0x08022b92   0x00000002   PAD
    0x08022b94   0x08022b94   0x000000d4   Code   RO          927    .text.HAL_UART_Transmit_DMA  stm32f4xx_hal_uart.o
    0x08022c68   0x08022c68   0x00000002   Code   RO          989    .text.HAL_UART_TxCpltCallback  stm32f4xx_hal_uart.o
    0x08022c6a   0x08022c6a   0x00000002   PAD
    0x08022c6c   0x08022c6c   0x00000002   Code   RO          991    .text.HAL_UART_TxHalfCpltCallback  stm32f4xx_hal_uart.o
    0x08022c6e   0x08022c6e   0x00000002   PAD
    0x08022c70   0x08022c70   0x00000002   Code   RO          158    .text.HardFault_Handler  stm32f4xx_it.o
    0x08022c72   0x08022c72   0x00000002   PAD
    0x08022c74   0x08022c74   0x00000048   Code   RO           96    .text.MX_DMA_Init   dma.o
    0x08022cbc   0x08022cbc   0x00000084   Code   RO           88    .text.MX_GPIO_Init  gpio.o
    0x08022d40   0x08022d40   0x0000006a   Code   RO          105    .text.MX_TIM1_Init  tim.o
    0x08022daa   0x08022daa   0x00000002   PAD
    0x08022dac   0x08022dac   0x0000014e   Code   RO          107    .text.MX_TIM2_Init  tim.o
    0x08022efa   0x08022efa   0x00000002   PAD
    0x08022efc   0x08022efc   0x00000134   Code   RO          111    .text.MX_TIM3_Init  tim.o
    0x08023030   0x08023030   0x000000c8   Code   RO          113    .text.MX_TIM8_Init  tim.o
    0x080230f8   0x080230f8   0x0000003c   Code   RO          139    .text.MX_USART1_UART_Init  usart.o
    0x08023134   0x08023134   0x00000002   Code   RO          160    .text.MemManage_Handler  stm32f4xx_it.o
    0x08023136   0x08023136   0x00000002   PAD
    0x08023138   0x08023138   0x00000002   Code   RO          156    .text.NMI_Handler   stm32f4xx_it.o
    0x0802313a   0x0802313a   0x00000002   PAD
    0x0802313c   0x0802313c   0x00000002   Code   RO          170    .text.PendSV_Handler  stm32f4xx_it.o
    0x0802313e   0x0802313e   0x00000002   PAD
    0x08023140   0x08023140   0x00000002   Code   RO          166    .text.SVC_Handler   stm32f4xx_it.o
    0x08023142   0x08023142   0x00000002   PAD
    0x08023144   0x08023144   0x00000004   Code   RO          172    .text.SysTick_Handler  stm32f4xx_it.o
    0x08023148   0x08023148   0x000000a8   Code   RO           73    .text.SystemClock_Config  main.o
    0x080231f0   0x080231f0   0x00000012   Code   RO         1023    .text.SystemInit    system_stm32f4xx.o
    0x08023202   0x08023202   0x00000002   PAD
    0x08023204   0x08023204   0x00000012   Code   RO           15    .text.TEST_PWM_Get  test_pwm.o
    0x08023216   0x08023216   0x00000002   PAD
    0x08023218   0x08023218   0x0000001e   Code   RO           11    .text.TEST_PWM_Init  test_pwm.o
    0x08023236   0x08023236   0x00000002   PAD
    0x08023238   0x08023238   0x0000000c   Code   RO          176    .text.TIM8_CC_IRQHandler  stm32f4xx_it.o
    0x08023244   0x08023244   0x0000013a   Code   RO          201    .text.TIM_Base_SetConfig  stm32f4xx_hal_tim.o
    0x0802337e   0x0802337e   0x00000002   PAD
    0x08023380   0x08023380   0x000000fa   Code   RO          383    .text.TIM_SlaveTimer_SetConfig  stm32f4xx_hal_tim.o
    0x0802347a   0x0802347a   0x00000002   PAD
    0x0802347c   0x0802347c   0x0000000a   Code   RO          983    .text.UART_DMAAbortOnError  stm32f4xx_hal_uart.o
    0x08023486   0x08023486   0x00000002   PAD
    0x08023488   0x08023488   0x0000017c   Code   RO          933    .text.UART_DMAError  stm32f4xx_hal_uart.o
    0x08023604   0x08023604   0x000000b0   Code   RO          929    .text.UART_DMATransmitCplt  stm32f4xx_hal_uart.o
    0x080236b4   0x080236b4   0x00000006   Code   RO          931    .text.UART_DMATxHalfCplt  stm32f4xx_hal_uart.o
    0x080236ba   0x080236ba   0x00000002   PAD
    0x080236bc   0x080236bc   0x000000fe   Code   RO          981    .text.UART_Receive_IT  stm32f4xx_hal_uart.o
    0x080237ba   0x080237ba   0x00000002   PAD
    0x080237bc   0x080237bc   0x000000e6   Code   RO          905    .text.UART_SetConfig  stm32f4xx_hal_uart.o
    0x080238a2   0x080238a2   0x00000002   PAD
    0x080238a4   0x080238a4   0x0000000c   Code   RO          174    .text.USART1_IRQHandler  stm32f4xx_it.o
    0x080238b0   0x080238b0   0x00000002   Code   RO          164    .text.UsageFault_Handler  stm32f4xx_it.o
    0x080238b2   0x080238b2   0x00000002   PAD
    0x080238b4   0x080238b4   0x00000164   Code   RO           71    .text.main          main.o
    0x08023a18   0x08023a18   0x0000008a   Code   RO           26    .text.uart1_printf  bsp_printf.o
    0x08023aa2   0x08023aa2   0x00000002   PAD
    0x08023aa4   0x08023aa4   0x00000034   Code   RO         1284    i.__0vsnprintf      mc_w.l(printfa.o)
    0x08023ad8   0x08023ad8   0x0000000e   Code   RO         1362    i.__scatterload_copy  mc_w.l(handlers.o)
    0x08023ae6   0x08023ae6   0x00000002   Code   RO         1363    i.__scatterload_null  mc_w.l(handlers.o)
    0x08023ae8   0x08023ae8   0x0000000e   Code   RO         1364    i.__scatterload_zeroinit  mc_w.l(handlers.o)
    0x08023af6   0x08023af6   0x00000002   PAD
    0x08023af8   0x08023af8   0x00000184   Code   RO         1286    i._fp_digits        mc_w.l(printfa.o)
    0x08023c7c   0x08023c7c   0x000006dc   Code   RO         1287    i._printf_core      mc_w.l(printfa.o)
    0x08024358   0x08024358   0x00000024   Code   RO         1288    i._printf_post_padding  mc_w.l(printfa.o)
    0x0802437c   0x0802437c   0x0000002e   Code   RO         1289    i._printf_pre_padding  mc_w.l(printfa.o)
    0x080243aa   0x080243aa   0x00000016   Code   RO         1290    i._snputc           mc_w.l(printfa.o)
    0x080243c0   0x080243c0   0x00000010   Data   RO         1028    .rodata.AHBPrescTable  system_stm32f4xx.o
    0x080243d0   0x080243d0   0x00000008   Data   RO         1029    .rodata.APBPrescTable  system_stm32f4xx.o
    0x080243d8   0x080243d8   0x00000030   Data   RO          417    .rodata.cst16       stm32f4xx_hal_tim.o
    0x08024408   0x08024408   0x00000008   Data   RO          688    .rodata.cst8        stm32f4xx_hal_dma.o
    0x08024410   0x08024410   0x00000020   Data   RO         1361    Region$$Table       anon$$obj.o


    Execution Region RW_IRAM1 (Exec base: 0x20000000, Load base: 0x08024430, Size: 0x00000a40, Max: 0x0001c000, ABSOLUTE)

    Exec Addr    Load Addr    Size         Type   Attr      Idx    E Section Name        Object

    0x20000000   0x08024430   0x00000008   Data   RW          866    .data..L_MergedGlobals  stm32f4xx_hal.o
    0x20000008   0x08024438   0x00000004   Data   RW         1027    .data.SystemCoreClock  system_stm32f4xx.o
    0x2000000c   0x0802443c   0x00000004   PAD
    0x20000010        -       0x00000010   Zero   RW           17    .bss..L_MergedGlobals  test_pwm.o
    0x20000020        -       0x00000008   Zero   RW           80    .bss..L_MergedGlobals  main.o
    0x20000028        -       0x000003e8   Zero   RW           30    .bss._dbg_TXBuff    bsp_printf.o
    0x20000410        -       0x00000001   Zero   RW           62    .bss.g_enDecayMode  bsp_drv8833.o
    0x20000411   0x0802443c   0x00000003   PAD
    0x20000414        -       0x00000060   Zero   RW          146    .bss.hdma_usart1_rx  usart.o
    0x20000474        -       0x00000060   Zero   RW          147    .bss.hdma_usart1_tx  usart.o
    0x200004d4        -       0x00000048   Zero   RW          127    .bss.htim1          tim.o
    0x2000051c        -       0x00000048   Zero   RW          128    .bss.htim2          tim.o
    0x20000564        -       0x00000048   Zero   RW          129    .bss.htim3          tim.o
    0x200005ac        -       0x00000048   Zero   RW          130    .bss.htim8          tim.o
    0x200005f4        -       0x00000048   Zero   RW          145    .bss.huart1         usart.o
    0x2000063c        -       0x00000004   Zero   RW          865    .bss.uwTick         stm32f4xx_hal.o
    0x20000640        -       0x00000400   Zero   RW            1    STACK               startup_stm32f407xx.o


    Execution Region RW_IRAM2 (Exec base: 0x2001c000, Load base: 0x08024440, Size: 0x00000000, Max: 0x00004000, ABSOLUTE)

    **** No section assigned to this execution region ****


==============================================================================

Image component sizes


      Code (inc. data)   RO Data    RW Data    ZI Data      Debug   Object Name

       158          0          0          0          1       5067   bsp_drv8833.o
       138          0          0          0       1000       3058   bsp_printf.o
        72          0          0          0          0       3461   dma.o
       132          0          0          0          0       1991   gpio.o
       530         88          0          0          8       4844   main.o
        36          8        392          0       1024        824   startup_stm32f407xx.o
       204          0          0          8          4       7302   stm32f4xx_hal.o
       196          0          0          0          0      10720   stm32f4xx_hal_cortex.o
      1146          6          8          0          0      10568   stm32f4xx_hal_dma.o
       414          0          0          0          0       5430   stm32f4xx_hal_gpio.o
        56          0          0          0          0       1450   stm32f4xx_hal_msp.o
      1484          4          0          0          0       7629   stm32f4xx_hal_rcc.o
      3692         20         48          0          0      58481   stm32f4xx_hal_tim.o
       190          0          0          0          0      21928   stm32f4xx_hal_tim_ex.o
      2802          0          0          0          0      32796   stm32f4xx_hal_uart.o
        68          0          0          0          0       5974   stm32f4xx_it.o
        18          0         24          4          0       2591   system_stm32f4xx.o
       158          0          0          0         16       4436   test_pwm.o
      1280          0          0          0        288      12230   tim.o
       318          0          0          0        264       7123   usart.o

    ----------------------------------------------------------------------
     13208        126        504         12       2612     207903   Object Totals
         0          0         32          0          0          0   (incl. Generated)
       116          0          0          0          7          0   (incl. Padding)

    ----------------------------------------------------------------------

      Code (inc. data)   RO Data    RW Data    ZI Data      Debug   Library Member Name

         0          0          0          0          0          0   entry.o
         0          0          0          0          0          0   entry10a.o
         0          0          0          0          0          0   entry11a.o
         8          4          0          0          0          0   entry2.o
         4          0          0          0          0          0   entry5.o
         0          0          0          0          0          0   entry7b.o
         0          0          0          0          0          0   entry8b.o
         8          4          0          0          0          0   entry9a.o
        30          0          0          0          0          0   handlers.o
        48         10          0          0          0         68   init.o
         0          0          0          0          0          0   iusefp.o
        30          0          0          0          0         68   llshl.o
        36          0          0          0          0         68   llsshr.o
        32          0          0          0          0         68   llushr.o
        36          0          0          0          0        108   memseta.o
      2300         86          0          0          0        516   printfa.o
        44          0          0          0          0         80   uidiv.o
        98          0          0          0          0         92   uldiv.o
        48          0          0          0          0         68   cdrcmple.o
       334          0          0          0          0        148   dadd.o
       222          0          0          0          0        100   ddiv.o
       186          0          0          0          0        176   depilogue.o
        48          0          0          0          0         68   dfixul.o
       228          0          0          0          0         96   dmul.o

    ----------------------------------------------------------------------
      3744        104          0          0          0       1724   Library Totals
         4          0          0          0          0          0   (incl. Padding)

    ----------------------------------------------------------------------

      Code (inc. data)   RO Data    RW Data    ZI Data      Debug   Library Name

      2674        104          0          0          0       1068   mc_w.l
      1066          0          0          0          0        656   mf_w.l

    ----------------------------------------------------------------------
      3744        104          0          0          0       1724   Library Totals

    ----------------------------------------------------------------------

==============================================================================


      Code (inc. data)   RO Data    RW Data    ZI Data      Debug   

     16952        230        504         12       2612     208587   Grand Totals
     16952        230        504         12       2612     208587   ELF Image Totals
     16952        230        504         12          0          0   ROM Totals

==============================================================================

    Total RO  Size (Code + RO Data)                17456 (  17.05kB)
    Total RW  Size (RW Data + ZI Data)              2624 (   2.56kB)
    Total ROM Size (Code + RO Data + RW Data)      17468 (  17.06kB)

==============================================================================

